Archive member included to satisfy reference by file (symbol)

/usr/bin/../lib/gcc/arm-none-eabi/7.3.1/../../../../arm-none-eabi/lib/thumb/v7e-m/fpv4-sp/hard/libc.a(lib_a-exit.o)
                              /usr/bin/../lib/gcc/arm-none-eabi/7.3.1/../../../../arm-none-eabi/lib/thumb/v7e-m/fpv4-sp/hard/crt0.o (exit)
/usr/bin/../lib/gcc/arm-none-eabi/7.3.1/../../../../arm-none-eabi/lib/thumb/v7e-m/fpv4-sp/hard/libc.a(lib_a-impure.o)
                              /usr/bin/../lib/gcc/arm-none-eabi/7.3.1/../../../../arm-none-eabi/lib/thumb/v7e-m/fpv4-sp/hard/libc.a(lib_a-exit.o) (_global_impure_ptr)
/usr/bin/../lib/gcc/arm-none-eabi/7.3.1/../../../../arm-none-eabi/lib/thumb/v7e-m/fpv4-sp/hard/libc.a(lib_a-init.o)
                              /usr/bin/../lib/gcc/arm-none-eabi/7.3.1/../../../../arm-none-eabi/lib/thumb/v7e-m/fpv4-sp/hard/crt0.o (__libc_init_array)
/usr/bin/../lib/gcc/arm-none-eabi/7.3.1/../../../../arm-none-eabi/lib/thumb/v7e-m/fpv4-sp/hard/libc.a(lib_a-locale.o)
                              _build/nrf_log_str_formatter.o (__locale_ctype_ptr)
/usr/bin/../lib/gcc/arm-none-eabi/7.3.1/../../../../arm-none-eabi/lib/thumb/v7e-m/fpv4-sp/hard/libc.a(lib_a-mbtowc_r.o)
                              /usr/bin/../lib/gcc/arm-none-eabi/7.3.1/../../../../arm-none-eabi/lib/thumb/v7e-m/fpv4-sp/hard/libc.a(lib_a-locale.o) (__ascii_mbtowc)
/usr/bin/../lib/gcc/arm-none-eabi/7.3.1/../../../../arm-none-eabi/lib/thumb/v7e-m/fpv4-sp/hard/libc.a(lib_a-memcmp.o)
                              _build/nrf_twi_mngr.o (memcmp)
/usr/bin/../lib/gcc/arm-none-eabi/7.3.1/../../../../arm-none-eabi/lib/thumb/v7e-m/fpv4-sp/hard/libc.a(lib_a-memcpy.o)
                              _build/main.o (memcpy)
/usr/bin/../lib/gcc/arm-none-eabi/7.3.1/../../../../arm-none-eabi/lib/thumb/v7e-m/fpv4-sp/hard/libc.a(lib_a-memset.o)
                              /usr/bin/../lib/gcc/arm-none-eabi/7.3.1/../../../../arm-none-eabi/lib/thumb/v7e-m/fpv4-sp/hard/crt0.o (memset)
/usr/bin/../lib/gcc/arm-none-eabi/7.3.1/../../../../arm-none-eabi/lib/thumb/v7e-m/fpv4-sp/hard/libc.a(lib_a-printf.o)
                              _build/main.o (printf)
/usr/bin/../lib/gcc/arm-none-eabi/7.3.1/../../../../arm-none-eabi/lib/thumb/v7e-m/fpv4-sp/hard/libc.a(lib_a-puts.o)
                              _build/better_error_handling.o (puts)
/usr/bin/../lib/gcc/arm-none-eabi/7.3.1/../../../../arm-none-eabi/lib/thumb/v7e-m/fpv4-sp/hard/libc.a(lib_a-setbuf.o)
                              _build/before_startup.o (setbuf)
/usr/bin/../lib/gcc/arm-none-eabi/7.3.1/../../../../arm-none-eabi/lib/thumb/v7e-m/fpv4-sp/hard/libc.a(lib_a-setvbuf.o)
                              /usr/bin/../lib/gcc/arm-none-eabi/7.3.1/../../../../arm-none-eabi/lib/thumb/v7e-m/fpv4-sp/hard/libc.a(lib_a-setbuf.o) (setvbuf)
/usr/bin/../lib/gcc/arm-none-eabi/7.3.1/../../../../arm-none-eabi/lib/thumb/v7e-m/fpv4-sp/hard/libc.a(lib_a-strcmp.o)
                              /usr/bin/../lib/gcc/arm-none-eabi/7.3.1/../../../../arm-none-eabi/lib/thumb/v7e-m/fpv4-sp/hard/libc.a(lib_a-locale.o) (strcmp)
/usr/bin/../lib/gcc/arm-none-eabi/7.3.1/../../../../arm-none-eabi/lib/thumb/v7e-m/fpv4-sp/hard/libc.a(lib_a-strcpy.o)
                              _build/SEGGER_RTT.o (strcpy)
/usr/bin/../lib/gcc/arm-none-eabi/7.3.1/../../../../arm-none-eabi/lib/thumb/v7e-m/fpv4-sp/hard/libc.a(lib_a-strlen.o)
                              _build/display.o (strlen)
/usr/bin/../lib/gcc/arm-none-eabi/7.3.1/../../../../arm-none-eabi/lib/thumb/v7e-m/fpv4-sp/hard/libc.a(lib_a-vfprintf.o)
                              /usr/bin/../lib/gcc/arm-none-eabi/7.3.1/../../../../arm-none-eabi/lib/thumb/v7e-m/fpv4-sp/hard/libc.a(lib_a-printf.o) (_vfprintf_r)
/usr/bin/../lib/gcc/arm-none-eabi/7.3.1/../../../../arm-none-eabi/lib/thumb/v7e-m/fpv4-sp/hard/libc.a(lib_a-vsnprintf.o)
                              _build/simple_logger.o (vsnprintf)
/usr/bin/../lib/gcc/arm-none-eabi/7.3.1/../../../../arm-none-eabi/lib/thumb/v7e-m/fpv4-sp/hard/libc.a(lib_a-wctomb_r.o)
                              /usr/bin/../lib/gcc/arm-none-eabi/7.3.1/../../../../arm-none-eabi/lib/thumb/v7e-m/fpv4-sp/hard/libc.a(lib_a-locale.o) (__ascii_wctomb)
/usr/bin/../lib/gcc/arm-none-eabi/7.3.1/../../../../arm-none-eabi/lib/thumb/v7e-m/fpv4-sp/hard/libc.a(lib_a-wsetup.o)
                              /usr/bin/../lib/gcc/arm-none-eabi/7.3.1/../../../../arm-none-eabi/lib/thumb/v7e-m/fpv4-sp/hard/libc.a(lib_a-vfprintf.o) (__swsetup_r)
/usr/bin/../lib/gcc/arm-none-eabi/7.3.1/../../../../arm-none-eabi/lib/thumb/v7e-m/fpv4-sp/hard/libc.a(lib_a-__call_atexit.o)
                              /usr/bin/../lib/gcc/arm-none-eabi/7.3.1/../../../../arm-none-eabi/lib/thumb/v7e-m/fpv4-sp/hard/libc.a(lib_a-exit.o) (__call_exitprocs)
/usr/bin/../lib/gcc/arm-none-eabi/7.3.1/../../../../arm-none-eabi/lib/thumb/v7e-m/fpv4-sp/hard/libc.a(lib_a-atexit.o)
[...]
Memory Configuration

Name             Origin             Length             Attributes
FLASH            0x0000000000026000 0x0000000000059000 xr
RAM              0x00000000200098a8 0x0000000000006758 xrw
bootloader_settings_page 0x000000000007f000 0x0000000000001000 r
uicr_bootloader_start_address 0x0000000010001014 0x0000000000000004 r
*default*        0x0000000000000000 0xffffffffffffffff

Linker script and memory map


.text           0x0000000000026000     0xc288
 *(.isr_vector)
 .isr_vector    0x0000000000026000      0x200 _build/gcc_startup_nrf52.os
                0x0000000000026000                __isr_vector
 *(.text*)
 .text          0x0000000000026200       0x40 /usr/bin/../lib/gcc/arm-none-eabi/7.3.1/thumb/v7e-m/fpv4-sp/hard/crtbegin.o
 .text          0x0000000000026240       0x74 /usr/bin/../lib/gcc/arm-none-eabi/7.3.1/../../../../arm-none-eabi/lib/thumb/v7e-m/fpv4-sp/hard/crt0.o
                0x0000000000026240                _mainCRTStartup
                0x0000000000026240                _start
 .text.saadc_callback
                0x00000000000262b4        0x2 _build/main.o
                0x00000000000262b4                saadc_callback
 *fill*         0x00000000000262b6        0x2 
 .text.sample_value
                0x00000000000262b8       0x24 _build/main.o
                0x00000000000262b8                sample_value
 .text.set_ble_payload
                0x00000000000262dc       0x4c _build/main.o
                0x00000000000262dc                set_ble_payload
 .text.adv_timer_callback
                0x0000000000026328       0x40 _build/main.o
                0x0000000000026328                adv_timer_callback
 .text.startup.main
                0x0000000000026368      0x138 _build/main.o
                0x0000000000026368                main
 .text.nrf_delay_ms.part.0
                0x00000000000264a0       0x1c _build/better_error_handling.o
 .text.app_error_fault_handler
                0x00000000000264bc      0x128 _build/better_error_handling.o
                0x00000000000264bc                app_error_fault_handler
 .text.HardFault_process
                0x00000000000265e4       0x9a _build/better_error_handling.o
                0x00000000000265e4                HardFault_process
 .text._GetAvailWriteSpace
                0x000000000002667e       0x1c _build/SEGGER_RTT.o
 .text._WriteNoCheck
                0x000000000002669a       0x3a _build/SEGGER_RTT.o
 .text._WriteBlocking
                0x00000000000266d4       0x52 _build/SEGGER_RTT.o
 *fill*         0x0000000000026726        0x2 
 .text._DoInit  0x0000000000026728       0x60 _build/SEGGER_RTT.o
 .text.SEGGER_RTT_WriteNoLock
                0x0000000000026788       0x68 _build/SEGGER_RTT.o
                0x0000000000026788                SEGGER_RTT_WriteNoLock
 .text.SEGGER_RTT_Write
                0x00000000000267f0       0x3c _build/SEGGER_RTT.o
                0x00000000000267f0                SEGGER_RTT_Write
 .text.SEGGER_RTT_Init
                0x000000000002682c        0x4 _build/SEGGER_RTT.o
                0x000000000002682c                SEGGER_RTT_Init
 .text._write_r
                0x0000000000026830       0x12 _build/SEGGER_RTT_Syscalls_GCC.o
                0x0000000000026830                _write_r
 .text.app_error_handler
                0x0000000000026842       0x1a _build/app_error_handler_gcc.o
                0x0000000000026842                app_error_handler
 .text.user_op_alloc
                0x000000000002685c       0x2c _build/app_timer.o
 .text.timer_stop_op_schedule
                0x0000000000026888       0x50 _build/app_timer.o
 .text.nrfx_coredep_delay_us.constprop.3
                0x00000000000268d8       0x10 _build/app_timer.o
 .text.RTC1_IRQHandler
                0x00000000000268e8       0x9c _build/app_timer.o
                0x00000000000268e8                RTC1_IRQHandler
 .text.SWI0_EGU0_IRQHandler
                0x0000000000026984      0x2a4 _build/app_timer.o
                0x0000000000026984                SWI0_EGU0_IRQHandler
 .text.app_timer_init
                0x0000000000026c28       0x88 _build/app_timer.o
                0x0000000000026c28                app_timer_init
 .text.app_timer_create
                0x0000000000026cb0       0x24 _build/app_timer.o
                0x0000000000026cb0                app_timer_create
 .text.app_timer_start
                0x0000000000026cd4       0x88 _build/app_timer.o
                0x0000000000026cd4                app_timer_start
 .text.app_timer_stop
                0x0000000000026d5c       0x20 _build/app_timer.o
                0x0000000000026d5c                app_timer_stop
 .text.privilege_level_get
                0x0000000000026d7c       0x1a _build/app_util_platform.o
                0x0000000000026d7c                privilege_level_get
 *fill*         0x0000000000026d96        0x2 
 .text.app_util_critical_region_enter
                0x0000000000026d98       0x60 _build/app_util_platform.o
                0x0000000000026d98                app_util_critical_region_enter
 .text.app_util_critical_region_exit
                0x0000000000026df8       0x40 _build/app_util_platform.o
                0x0000000000026df8                app_util_critical_region_exit
 .text.startup.called_first
                0x0000000000026e38       0x10 _build/before_startup.o
                0x0000000000026e38                called_first
 .text.HardFault_Handler
                0x0000000000026e48       0x34 _build/hardfault_handler_gcc.o
                0x0000000000026e48                HardFault_Handler
 .text.HardFault_c_handler
                0x0000000000026e7c      0x10c _build/hardfault_implementation.o
                0x0000000000026e7c                HardFault_c_handler
 .text.nrf_atomic_u32_fetch_store
                0x0000000000026f88       0x14 _build/nrf_atomic.o
                0x0000000000026f88                nrf_atomic_u32_fetch_store
 .text.nrf_atomic_u32_or
                0x0000000000026f9c       0x16 _build/nrf_atomic.o
                0x0000000000026f9c                nrf_atomic_u32_or
 .text.nrf_atomic_u32_fetch_and
                0x0000000000026fb2       0x16 _build/nrf_atomic.o
                0x0000000000026fb2                nrf_atomic_u32_fetch_and
 .text.nrf_atomic_u32_add
                0x0000000000026fc8       0x16 _build/nrf_atomic.o
                0x0000000000026fc8                nrf_atomic_u32_add
 .text.nrf_atomic_u32_sub
                0x0000000000026fde       0x16 _build/nrf_atomic.o
                0x0000000000026fde                nrf_atomic_u32_sub
 .text.nrf_atomic_flag_set
                0x0000000000026ff4        0x6 _build/nrf_atomic.o
                0x0000000000026ff4                nrf_atomic_flag_set
 .text.nrf_atomic_flag_clear_fetch
                0x0000000000026ffa        0x6 _build/nrf_atomic.o
                0x0000000000026ffa                nrf_atomic_flag_clear_fetch
 .text.nrf_balloc_init
                0x0000000000027000       0x7c _build/nrf_balloc.o
                0x0000000000027000                nrf_balloc_init
 .text.nrf_balloc_alloc
                0x000000000002707c       0x58 _build/nrf_balloc.o
                0x000000000002707c                nrf_balloc_alloc
 .text.nrf_balloc_free
                0x00000000000270d4       0x50 _build/nrf_balloc.o
                0x00000000000270d4                nrf_balloc_free
 .text.clock_clk_started_notify
                0x0000000000027124       0x28 _build/nrf_drv_clock.o
 .text.clock_irq_handler
                0x000000000002714c       0x1c _build/nrf_drv_clock.o
 .text.soc_evt_handler
                0x0000000000027168       0x14 _build/nrf_drv_clock.o
 .text.nrf_drv_clock_init
                0x000000000002717c       0x38 _build/nrf_drv_clock.o
                0x000000000002717c                nrf_drv_clock_init
 .text.nrf_drv_clock_lfclk_release
                0x00000000000271b4       0x60 _build/nrf_drv_clock.o
                0x00000000000271b4                nrf_drv_clock_lfclk_release
 .text.sd_state_evt_handler
                0x0000000000027214       0x6c _build/nrf_drv_clock.o
 .text.nrf_fprintf_buffer_flush
                0x0000000000027280       0x24 _build/nrf_fprintf.o
                0x0000000000027280                nrf_fprintf_buffer_flush
 .text.nrf_fprintf
                0x00000000000272a4       0x58 _build/nrf_fprintf.o
                0x00000000000272a4                nrf_fprintf
 .text.buffer_add
                0x00000000000272fc       0x1e _build/nrf_fprintf_format.o
 *fill*         0x000000000002731a        0x2 
 .text.unsigned_print
                0x000000000002731c       0xac _build/nrf_fprintf_format.o
 .text.nrf_fprintf_fmt
                0x00000000000273c8      0x2c4 _build/nrf_fprintf_format.o
                0x00000000000273c8                nrf_fprintf_fmt
 .text.nrf_fstorage_is_busy
                0x000000000002768c       0x4c _build/nrf_fstorage.o
                0x000000000002768c                nrf_fstorage_is_busy
 .text.nrf_log_backend_rtt_flush
                0x00000000000276d8        0x2 _build/nrf_log_backend_rtt.o
 *fill*         0x00000000000276da        0x2 
 .text.nrf_log_backend_rtt_put
                0x00000000000276dc       0x1c _build/nrf_log_backend_rtt.o
 .text.serial_tx
                0x00000000000276f8       0x50 _build/nrf_log_backend_rtt.o
 .text.nrf_log_backend_rtt_panic_set
                0x0000000000027748        0x2 _build/nrf_log_backend_rtt.o
 .text.nrf_log_backend_rtt_init
                0x000000000002774a        0x4 _build/nrf_log_backend_rtt.o
                0x000000000002774a                nrf_log_backend_rtt_init
 .text.nrf_log_backend_serial_put
                0x000000000002774e       0xcc _build/nrf_log_backend_serial.o
                0x000000000002774e                nrf_log_backend_serial_put
 *fill*         0x000000000002781a        0x2 
 .text.nrf_log_default_backends_init
                0x000000000002781c       0x2c _build/nrf_log_default_backends.o
                0x000000000002781c                nrf_log_default_backends_init
 .text.invalid_packets_pushed_str_omit
                0x0000000000027848       0x60 _build/nrf_log_frontend.o
 .text.buf_prealloc
                0x00000000000278a8      0x138 _build/nrf_log_frontend.o
 .text.nrf_log_init
                0x00000000000279e0       0x54 _build/nrf_log_frontend.o
                0x00000000000279e0                nrf_log_init
 .text.nrf_log_module_name_get
                0x0000000000027a34       0x3c _build/nrf_log_frontend.o
                0x0000000000027a34                nrf_log_module_name_get
 .text.nrf_log_color_id_get
                0x0000000000027a70       0x2c _build/nrf_log_frontend.o
                0x0000000000027a70                nrf_log_color_id_get
 .text.buffer_is_empty
                0x0000000000027a9c       0x14 _build/nrf_log_frontend.o
                0x0000000000027a9c                buffer_is_empty
 .text.nrf_log_frontend_dequeue
                0x0000000000027ab0      0x214 _build/nrf_log_frontend.o
                0x0000000000027ab0                nrf_log_frontend_dequeue
 .text.std_n    0x0000000000027cc4       0xd8 _build/nrf_log_frontend.o
 .text.nrf_log_frontend_std_0
                0x0000000000027d9c        0x8 _build/nrf_log_frontend.o
                0x0000000000027d9c                nrf_log_frontend_std_0
 .text.nrf_log_frontend_std_1
                0x0000000000027da4       0x14 _build/nrf_log_frontend.o
                0x0000000000027da4                nrf_log_frontend_std_1
 .text.nrf_log_frontend_std_2
                0x0000000000027db8       0x14 _build/nrf_log_frontend.o
                0x0000000000027db8                nrf_log_frontend_std_2
 .text.nrf_log_frontend_std_3
                0x0000000000027dcc       0x18 _build/nrf_log_frontend.o
                0x0000000000027dcc                nrf_log_frontend_std_3
 .text.nrf_log_frontend_std_4
                0x0000000000027de4       0x1c _build/nrf_log_frontend.o
                0x0000000000027de4                nrf_log_frontend_std_4
 .text.nrf_log_backend_add
                0x0000000000027e00       0x44 _build/nrf_log_frontend.o
                0x0000000000027e00                nrf_log_backend_add
 .text.nrf_log_panic
                0x0000000000027e44       0x28 _build/nrf_log_frontend.o
                0x0000000000027e44                nrf_log_panic
 .text.postfix_process
                0x0000000000027e6c       0x3c _build/nrf_log_str_formatter.o
 .text.prefix_process
                0x0000000000027ea8       0x78 _build/nrf_log_str_formatter.o
 .text.nrf_log_std_entry_process
                0x0000000000027f20       0xc8 _build/nrf_log_str_formatter.o
                0x0000000000027f20                nrf_log_std_entry_process
 .text.nrf_log_hexdump_entry_process
                0x0000000000027fe8       0xb0 _build/nrf_log_str_formatter.o
                0x0000000000027fe8                nrf_log_hexdump_entry_process
 .text.memobj_op
                0x0000000000028098       0x84 _build/nrf_memobj.o
 .text.nrf_memobj_pool_init
                0x000000000002811c        0x4 _build/nrf_memobj.o
                0x000000000002811c                nrf_memobj_pool_init
 .text.nrf_memobj_free
                0x0000000000028120       0x2c _build/nrf_memobj.o
                0x0000000000028120                nrf_memobj_free
 .text.nrf_memobj_alloc
                0x000000000002814c       0x5e _build/nrf_memobj.o
                0x000000000002814c                nrf_memobj_alloc
 .text.nrf_memobj_get
                0x00000000000281aa        0x8 _build/nrf_memobj.o
                0x00000000000281aa                nrf_memobj_get
 .text.nrf_memobj_put
                0x00000000000281b2       0x1e _build/nrf_memobj.o
                0x00000000000281b2                nrf_memobj_put
 .text.nrf_memobj_write
                0x00000000000281d0        0xe _build/nrf_memobj.o
                0x00000000000281d0                nrf_memobj_write
 .text.nrf_memobj_read
                0x00000000000281de        0xe _build/nrf_memobj.o
                0x00000000000281de                nrf_memobj_read
 .text.nrf_section_iter_init
                0x00000000000281ec       0x34 _build/nrf_section_iter.o
                0x00000000000281ec                nrf_section_iter_init
 .text.nrf_section_iter_next
                0x0000000000028220       0x38 _build/nrf_section_iter.o
                0x0000000000028220                nrf_section_iter_next
 .text.nrf_strerror_find
                0x0000000000028258       0x3c _build/nrf_strerror.o
                0x0000000000028258                nrf_strerror_find
 .text.nrf_strerror_get
                0x0000000000028294       0x14 _build/nrf_strerror.o
                0x0000000000028294                nrf_strerror_get
 .text.nrf_clock_event_clear
                0x00000000000282a8       0x14 _build/nrfx_clock.o
 .text.nrfx_clock_init
                0x00000000000282bc       0x2c _build/nrfx_clock.o
                0x00000000000282bc                nrfx_clock_init
 .text.nrfx_clock_enable
                0x00000000000282e8       0x40 _build/nrfx_clock.o
                0x00000000000282e8                nrfx_clock_enable
 .text.nrfx_clock_lfclk_stop
                0x0000000000028328       0x30 _build/nrfx_clock.o
                0x0000000000028328                nrfx_clock_lfclk_stop
 .text.POWER_CLOCK_IRQHandler
                0x0000000000028358       0x58 _build/nrfx_clock.o
                0x0000000000028358                POWER_CLOCK_IRQHandler
 .text.nrf_gpiote_event_clear
                0x00000000000283b0       0x18 _build/nrfx_gpiote.o
 .text.channel_free
                0x00000000000283c8       0x1c _build/nrfx_gpiote.o
 .text.nrf_gpio_pin_port_decode.isra.0.part.1
                0x00000000000283e4       0x10 _build/nrfx_gpiote.o
 .text.nrf_gpio_cfg_sense_set
                0x00000000000283f4       0x2e _build/nrfx_gpiote.o
 *fill*         0x0000000000028422        0x2 
 .text.nrfx_gpiote_init
                0x0000000000028424       0x68 _build/nrfx_gpiote.o
                0x0000000000028424                nrfx_gpiote_init
 .text.nrfx_gpiote_is_init
                0x000000000002848c       0x14 _build/nrfx_gpiote.o
                0x000000000002848c                nrfx_gpiote_is_init
 .text.nrfx_gpiote_out_init
                0x00000000000284a0      0x11c _build/nrfx_gpiote.o
                0x00000000000284a0                nrfx_gpiote_out_init
 .text.nrfx_gpiote_out_set
                0x00000000000285bc       0x5c _build/nrfx_gpiote.o
                0x00000000000285bc                nrfx_gpiote_out_set
 .text.nrfx_gpiote_out_clear
                0x0000000000028618       0x5c _build/nrfx_gpiote.o
                0x0000000000028618                nrfx_gpiote_out_clear
 .text.GPIOTE_IRQHandler
                0x0000000000028674      0x18c _build/nrfx_gpiote.o
                0x0000000000028674                GPIOTE_IRQHandler
 .text.UARTE0_UART0_IRQHandler
                0x0000000000028800       0x20 _build/nrfx_prs.o
                0x0000000000028800                UARTE0_UART0_IRQHandler
 .text.nrf_pwm_event_clear
                0x0000000000028820       0x10 _build/nrfx_pwm.o
 .text.irq_handler
                0x0000000000028830       0x80 _build/nrfx_pwm.o
 .text.PWM0_IRQHandler
                0x00000000000288b0       0x10 _build/nrfx_pwm.o
                0x00000000000288b0                PWM0_IRQHandler
 .text.PWM1_IRQHandler
                0x00000000000288c0       0x10 _build/nrfx_pwm.o
                0x00000000000288c0                PWM1_IRQHandler
 .text.PWM2_IRQHandler
                0x00000000000288d0       0x10 _build/nrfx_pwm.o
                0x00000000000288d0                PWM2_IRQHandler
 .text.nrf_saadc_event_clear
                0x00000000000288e0       0x18 _build/nrfx_saadc.o
 .text.SAADC_IRQHandler
                0x00000000000288f8      0x164 _build/nrfx_saadc.o
                0x00000000000288f8                SAADC_IRQHandler
 .text.nrfx_saadc_init
                0x0000000000028a5c       0xc0 _build/nrfx_saadc.o
                0x0000000000028a5c                nrfx_saadc_init
 .text.nrfx_saadc_channel_init
                0x0000000000028b1c      0x100 _build/nrfx_saadc.o
                0x0000000000028b1c                nrfx_saadc_channel_init
 .text.nrfx_saadc_sample_convert
                0x0000000000028c1c       0xe8 _build/nrfx_saadc.o
                0x0000000000028c1c                nrfx_saadc_sample_convert
 .text.nrf_gpio_pin_port_decode.isra.0.part.1
                0x0000000000028d04       0x10 _build/nrfx_spim.o
 .text.nrf_gpio_pin_clear
                0x0000000000028d14       0x1c _build/nrfx_spim.o
 .text.nrf_gpio_pin_set
                0x0000000000028d30       0x1c _build/nrfx_spim.o
 .text.SPIM1_SPIS1_TWIM1_TWIS1_SPI1_TWI1_IRQHandler
                0x0000000000028d4c       0x64 _build/nrfx_spim.o
                0x0000000000028d4c                SPIM1_SPIS1_TWIM1_TWIS1_SPI1_TWI1_IRQHandler
 .text.irq_handler.constprop.0
                0x0000000000028db0       0x4c _build/nrfx_timer.o
 .text.TIMER0_IRQHandler
                0x0000000000028dfc       0x10 _build/nrfx_timer.o
                0x0000000000028dfc                TIMER0_IRQHandler
 .text.TIMER1_IRQHandler
                0x0000000000028e0c       0x10 _build/nrfx_timer.o
                0x0000000000028e0c                TIMER1_IRQHandler
 .text.nrf_twim_event_clear
                0x0000000000028e1c       0x10 _build/nrfx_twim.o
 .text.SPIM0_SPIS0_TWIM0_TWIS0_SPI0_TWI0_IRQHandler
                0x0000000000028e2c      0x158 _build/nrfx_twim.o
                0x0000000000028e2c                SPIM0_SPIS0_TWIM0_TWIS0_SPI0_TWI0_IRQHandler
 .text.sd_ble_gap_addr_get
                0x0000000000028f84        0x4 _build/ble_advdata.o
 .text.sd_ble_gap_appearance_get
                0x0000000000028f88        0x4 _build/ble_advdata.o
 .text.sd_ble_gap_device_name_get
                0x0000000000028f8c        0x4 _build/ble_advdata.o
 .text.sd_ble_uuid_encode
                0x0000000000028f90        0x4 _build/ble_advdata.o
 .text.uuid_list_sized_encode
                0x0000000000028f94       0xa4 _build/ble_advdata.o
 .text.uuid_list_encode
                0x0000000000029038       0x34 _build/ble_advdata.o
 .text.ble_advdata_encode
                0x000000000002906c      0x37e _build/ble_advdata.o
                0x000000000002906c                ble_advdata_encode
 .text.ble_advdata_search
                0x00000000000293ea       0x38 _build/ble_advdata.o
                0x00000000000293ea                ble_advdata_search
 .text.ble_advdata_parse
                0x0000000000029422       0x20 _build/ble_advdata.o
                0x0000000000029422                ble_advdata_parse
 .text.sd_ble_gap_adv_set_configure
                0x0000000000029442        0x4 _build/ble_advertising.o
 .text.sd_ble_gap_adv_start
                0x0000000000029446        0x4 _build/ble_advertising.o
 .text.flags_set
                0x000000000002944a       0x2c _build/ble_advertising.o
 .text.ble_advertising_conn_cfg_tag_set
                0x0000000000029476        0x6 _build/ble_advertising.o
                0x0000000000029476                ble_advertising_conn_cfg_tag_set
 .text.ble_advertising_init
                0x000000000002947c       0xe0 _build/ble_advertising.o
                0x000000000002947c                ble_advertising_init
 .text.ble_advertising_start
                0x000000000002955c      0x22c _build/ble_advertising.o
                0x000000000002955c                ble_advertising_start
 .text.ble_advertising_on_ble_evt
                0x0000000000029788       0x6a _build/ble_advertising.o
                0x0000000000029788                ble_advertising_on_ble_evt
 .text.ble_advertising_on_sys_evt
                0x00000000000297f2       0x28 _build/ble_advertising.o
                0x00000000000297f2                ble_advertising_on_sys_evt
 .text.sd_ble_gap_conn_param_update
                0x000000000002981a        0x4 _build/ble_conn_params.o
 .text.sd_ble_gap_disconnect
                0x000000000002981e        0x4 _build/ble_conn_params.o
 .text.sd_ble_gap_ppcp_set
                0x0000000000029822        0x4 _build/ble_conn_params.o
 .text.sd_ble_gap_ppcp_get
                0x0000000000029826        0x4 _build/ble_conn_params.o
 *fill*         0x000000000002982a        0x2 
 .text.instance_get
                0x000000000002982c       0x14 _build/ble_conn_params.o
 .text.send_error_evt
                0x0000000000029840       0x10 _build/ble_conn_params.o
 .text.update_timeout_handler
                0x0000000000029850       0x6c _build/ble_conn_params.o
 .text.conn_params_negotiation
                0x00000000000298bc       0x48 _build/ble_conn_params.o
 .text.is_conn_params_ok.constprop.3
                0x0000000000029904       0x3c _build/ble_conn_params.o
 .text.ble_evt_handler
                0x0000000000029940       0xe0 _build/ble_conn_params.o
 .text.ble_conn_params_init
                0x0000000000029a20       0x74 _build/ble_conn_params.o
                0x0000000000029a20                ble_conn_params_init
 .text.ble_srv_is_notification_enabled
                0x0000000000029a94        0x8 _build/ble_srv_common.o
                0x0000000000029a94                ble_srv_is_notification_enabled
 .text.sd_ble_gap_data_length_update
                0x0000000000029a9c        0x4 _build/nrf_ble_gatt.o
 .text.sd_ble_gattc_exchange_mtu_request
                0x0000000000029aa0        0x4 _build/nrf_ble_gatt.o
 .text.sd_ble_gatts_exchange_mtu_reply
                0x0000000000029aa4        0x4 _build/nrf_ble_gatt.o
 .text.data_length_update
                0x0000000000029aa8       0x84 _build/nrf_ble_gatt.o
 .text.nrf_ble_gatt_init
                0x0000000000029b2c       0x2a _build/nrf_ble_gatt.o
                0x0000000000029b2c                nrf_ble_gatt_init
 *fill*         0x0000000000029b56        0x2 
 .text.nrf_ble_gatt_on_ble_evt
                0x0000000000029b58      0x1a4 _build/nrf_ble_gatt.o
                0x0000000000029b58                nrf_ble_gatt_on_ble_evt
 .text.sd_softdevice_enable
                0x0000000000029cfc        0x4 _build/nrf_sdh.o
 .text.sdh_request_observer_notify
                0x0000000000029d00       0x30 _build/nrf_sdh.o
 .text.sdh_state_observer_notify
                0x0000000000029d30       0x28 _build/nrf_sdh.o
 .text.softdevices_evt_irq_enable
                0x0000000000029d58       0x40 _build/nrf_sdh.o
 .text.nrf_sdh_enable_request
                0x0000000000029d98       0x88 _build/nrf_sdh.o
                0x0000000000029d98                nrf_sdh_enable_request
 .text.nrf_sdh_is_enabled
                0x0000000000029e20        0xc _build/nrf_sdh.o
                0x0000000000029e20                nrf_sdh_is_enabled
 .text.nrf_sdh_evts_poll
                0x0000000000029e2c       0x28 _build/nrf_sdh.o
                0x0000000000029e2c                nrf_sdh_evts_poll
 .text.SWI2_EGU2_IRQHandler
                0x0000000000029e54        0x4 _build/nrf_sdh.o
                0x0000000000029e54                SWI2_EGU2_IRQHandler
 .text.sd_ble_enable
                0x0000000000029e58        0x4 _build/nrf_sdh_ble.o
 .text.sd_ble_evt_get
                0x0000000000029e5c        0x4 _build/nrf_sdh_ble.o
 .text.nrf_sdh_ble_evts_poll.part.0
                0x0000000000029e60       0x58 _build/nrf_sdh_ble.o
 .text.nrf_sdh_ble_evts_poll
                0x0000000000029eb8       0x10 _build/nrf_sdh_ble.o
 .text.nrf_sdh_ble_app_ram_start_get
                0x0000000000029ec8       0x14 _build/nrf_sdh_ble.o
                0x0000000000029ec8                nrf_sdh_ble_app_ram_start_get
 .text.nrf_sdh_ble_enable
                0x0000000000029edc       0x94 _build/nrf_sdh_ble.o
                0x0000000000029edc                nrf_sdh_ble_enable
 .text.sd_ble_gap_addr_set
                0x0000000000029f70        0x4 _build/simple_ble.o
 .text.sd_ble_gap_adv_set_configure
                0x0000000000029f74        0x4 _build/simple_ble.o
 .text.sd_ble_gap_adv_stop
                0x0000000000029f78        0x4 _build/simple_ble.o
 .text.sd_ble_gap_disconnect
                0x0000000000029f7c        0x4 _build/simple_ble.o
 .text.sd_ble_gap_tx_power_set
                0x0000000000029f80        0x4 _build/simple_ble.o
 .text.sd_ble_gap_appearance_set
                0x0000000000029f84        0x4 _build/simple_ble.o
 .text.sd_ble_gap_ppcp_set
                0x0000000000029f88        0x4 _build/simple_ble.o
 .text.sd_ble_gap_device_name_set
                0x0000000000029f8c        0x4 _build/simple_ble.o
 .text.sd_ble_gap_sec_params_reply
                0x0000000000029f90        0x4 _build/simple_ble.o
 .text.sd_ble_gap_sec_info_reply
                0x0000000000029f94        0x4 _build/simple_ble.o
 .text.sd_ble_gap_scan_start
                0x0000000000029f98        0x4 _build/simple_ble.o
 .text.sd_ble_gap_phy_update
                0x0000000000029f9c        0x4 _build/simple_ble.o
 .text.sd_ble_gatts_sys_attr_set
                0x0000000000029fa0        0x4 _build/simple_ble.o
 .text.sd_ble_cfg_set
                0x0000000000029fa4        0x4 _build/simple_ble.o
 .text.sd_power_system_off
                0x0000000000029fa8        0x4 _build/simple_ble.o
 .text.sd_app_evt_wait
                0x0000000000029fac        0x4 _build/simple_ble.o
 .text.conn_params_error_handler
                0x0000000000029fb0       0x10 _build/simple_ble.o
 .text.on_conn_params_evt
                0x0000000000029fc0       0x24 _build/simple_ble.o
 .text.assert_nrf_callback
                0x0000000000029fe4       0x20 _build/simple_ble.o
                0x0000000000029fe4                assert_nrf_callback
 .text.ble_address_set
                0x000000000002a004       0x5c _build/simple_ble.o
                0x000000000002a004                ble_address_set
 .text.ble_stack_init
                0x000000000002a060      0x12c _build/simple_ble.o
                0x000000000002a060                ble_stack_init
 .text.gap_params_init
                0x000000000002a18c       0x98 _build/simple_ble.o
                0x000000000002a18c                gap_params_init
 .text.advertising_init
                0x000000000002a224       0x7c _build/simple_ble.o
                0x000000000002a224                advertising_init
 .text.conn_params_init
                0x000000000002a2a0       0x50 _build/simple_ble.o
                0x000000000002a2a0                conn_params_init
 .text.services_init
                0x000000000002a2f0        0x2 _build/simple_ble.o
                0x000000000002a2f0                services_init
 *fill*         0x000000000002a2f2        0x2 
 .text.initialize_app_timer
                0x000000000002a2f4       0x18 _build/simple_ble.o
                0x000000000002a2f4                initialize_app_timer
 .text.advertising_start
                0x000000000002a30c       0x24 _build/simple_ble.o
                0x000000000002a30c                advertising_start
 .text.advertising_stop
                0x000000000002a330       0x28 _build/simple_ble.o
                0x000000000002a330                advertising_stop
 .text.on_ble_evt
                0x000000000002a358      0x1c0 _build/simple_ble.o
 .text.power_manage
                0x000000000002a518       0x18 _build/simple_ble.o
                0x000000000002a518                power_manage
 .text.simple_ble_init
                0x000000000002a530       0x4c _build/simple_ble.o
                0x000000000002a530                simple_ble_init
 .text.simple_ble_set_adv
                0x000000000002a57c       0x90 _build/simple_ble.o
                0x000000000002a57c                simple_ble_set_adv
 .text.errata_12
                0x000000000002a60c       0x40 _build/system_nrf52.o
 .text.errata_16
                0x000000000002a64c       0x34 _build/system_nrf52.o
 .text.SystemInit
                0x000000000002a680      0x25c _build/system_nrf52.o
                0x000000000002a680                SystemInit
 .text          0x000000000002a8dc       0x3c _build/gcc_startup_nrf52.os
                0x000000000002a8dc                Reset_Handler
                0x000000000002a904                NMI_Handler
                0x000000000002a908                MemoryManagement_Handler
                0x000000000002a90a                BusFault_Handler
                0x000000000002a90c                UsageFault_Handler
                0x000000000002a90e                SVC_Handler
                0x000000000002a910                DebugMon_Handler
                0x000000000002a912                PendSV_Handler
                0x000000000002a914                SysTick_Handler
                0x000000000002a916                TIMER2_IRQHandler
                0x000000000002a916                RTC0_IRQHandler
                0x000000000002a916                RADIO_IRQHandler
                0x000000000002a916                PDM_IRQHandler
                0x000000000002a916                TEMP_IRQHandler
                0x000000000002a916                QDEC_IRQHandler
                0x000000000002a916                TIMER3_IRQHandler
                0x000000000002a916                FPU_IRQHandler
                0x000000000002a916                TIMER4_IRQHandler
                0x000000000002a916                I2S_IRQHandler
                0x000000000002a916                SWI4_EGU4_IRQHandler
                0x000000000002a916                ECB_IRQHandler
                0x000000000002a916                Default_Handler
                0x000000000002a916                CCM_AAR_IRQHandler
                0x000000000002a916                WDT_IRQHandler
                0x000000000002a916                SWI5_EGU5_IRQHandler
                0x000000000002a916                RNG_IRQHandler
                0x000000000002a916                RTC2_IRQHandler
                0x000000000002a916                SWI3_EGU3_IRQHandler
                0x000000000002a916                SWI1_EGU1_IRQHandler
                0x000000000002a916                SPIM2_SPIS2_SPI2_IRQHandler
                0x000000000002a916                NFCT_IRQHandler
                0x000000000002a916                MWU_IRQHandler
                0x000000000002a916                COMP_LPCOMP_IRQHandler
 .text.exit     0x000000000002a918       0x20 /usr/bin/../lib/gcc/arm-none-eabi/7.3.1/../../../../arm-none-eabi/lib/thumb/v7e-m/fpv4-sp/hard/libc.a(lib_a-exit.o)
                0x000000000002a918                exit
 .text.__libc_init_array
                0x000000000002a938       0x48 /usr/bin/../lib/gcc/arm-none-eabi/7.3.1/../../../../arm-none-eabi/lib/thumb/v7e-m/fpv4-sp/hard/libc.a(lib_a-init.o)
                0x000000000002a938                __libc_init_array
 .text.__locale_mb_cur_max
                0x000000000002a980       0x1c /usr/bin/../lib/gcc/arm-none-eabi/7.3.1/../../../../arm-none-eabi/lib/thumb/v7e-m/fpv4-sp/hard/libc.a(lib_a-locale.o)
                0x000000000002a980                __locale_mb_cur_max
 .text.__locale_ctype_ptr
                0x000000000002a99c       0x1c /usr/bin/../lib/gcc/arm-none-eabi/7.3.1/../../../../arm-none-eabi/lib/thumb/v7e-m/fpv4-sp/hard/libc.a(lib_a-locale.o)
                0x000000000002a99c                __locale_ctype_ptr
 .text.__ascii_mbtowc
                0x000000000002a9b8       0x2c /usr/bin/../lib/gcc/arm-none-eabi/7.3.1/../../../../arm-none-eabi/lib/thumb/v7e-m/fpv4-sp/hard/libc.a(lib_a-mbtowc_r.o)
                0x000000000002a9b8                __ascii_mbtowc
 .text          0x000000000002a9e4      0x134 /usr/bin/../lib/gcc/arm-none-eabi/7.3.1/../../../../arm-none-eabi/lib/thumb/v7e-m/fpv4-sp/hard/libc.a(lib_a-memcpy.o)
                0x000000000002a9e4                memcpy
 .text.memset   0x000000000002ab18       0x94 /usr/bin/../lib/gcc/arm-none-eabi/7.3.1/../../../../arm-none-eabi/lib/thumb/v7e-m/fpv4-sp/hard/libc.a(lib_a-memset.o)
                0x000000000002ab18                memset
 .text.printf   0x000000000002abac       0x28 /usr/bin/../lib/gcc/arm-none-eabi/7.3.1/../../../../arm-none-eabi/lib/thumb/v7e-m/fpv4-sp/hard/libc.a(lib_a-printf.o)
                0x000000000002abac                printf
 .text._puts_r  0x000000000002abd4       0x9c /usr/bin/../lib/gcc/arm-none-eabi/7.3.1/../../../../arm-none-eabi/lib/thumb/v7e-m/fpv4-sp/hard/libc.a(lib_a-puts.o)
                0x000000000002abd4                _puts_r
 .text.puts     0x000000000002ac70       0x10 /usr/bin/../lib/gcc/arm-none-eabi/7.3.1/../../../../arm-none-eabi/lib/thumb/v7e-m/fpv4-sp/hard/libc.a(lib_a-puts.o)
                0x000000000002ac70                puts
 .text.setbuf   0x000000000002ac80       0x10 /usr/bin/../lib/gcc/arm-none-eabi/7.3.1/../../../../arm-none-eabi/lib/thumb/v7e-m/fpv4-sp/hard/libc.a(lib_a-setbuf.o)
                0x000000000002ac80                setbuf
 .text.setvbuf  0x000000000002ac90      0x180 /usr/bin/../lib/gcc/arm-none-eabi/7.3.1/../../../../arm-none-eabi/lib/thumb/v7e-m/fpv4-sp/hard/libc.a(lib_a-setvbuf.o)
                0x000000000002ac90                setvbuf
 .text.strcpy   0x000000000002ae10       0xbc /usr/bin/../lib/gcc/arm-none-eabi/7.3.1/../../../../arm-none-eabi/lib/thumb/v7e-m/fpv4-sp/hard/libc.a(lib_a-strcpy.o)
                0x000000000002ae10                strcpy
 *fill*         0x000000000002aecc       0x34 
 .text          0x000000000002af00       0xdc /usr/bin/../lib/gcc/arm-none-eabi/7.3.1/../../../../arm-none-eabi/lib/thumb/v7e-m/fpv4-sp/hard/libc.a(lib_a-strlen.o)
                0x000000000002af00                strlen
 *fill*         0x000000000002afdc        0x4 
 .text._vfprintf_r
                0x000000000002afe0     0x1a7c /usr/bin/../lib/gcc/arm-none-eabi/7.3.1/../../../../arm-none-eabi/lib/thumb/v7e-m/fpv4-sp/hard/libc.a(lib_a-vfprintf.o)
                0x000000000002afe0                _vfprintf_r
 .text.__sbprintf
                0x000000000002ca5c       0x84 /usr/bin/../lib/gcc/arm-none-eabi/7.3.1/../../../../arm-none-eabi/lib/thumb/v7e-m/fpv4-sp/hard/libc.a(lib_a-vfprintf.o)
 .text.__ascii_wctomb
                0x000000000002cae0       0x1c /usr/bin/../lib/gcc/arm-none-eabi/7.3.1/../../../../arm-none-eabi/lib/thumb/v7e-m/fpv4-sp/hard/libc.a(lib_a-wctomb_r.o)
                0x000000000002cae0                __ascii_wctomb
 .text.__swsetup_r
                0x000000000002cafc       0xcc /usr/bin/../lib/gcc/arm-none-eabi/7.3.1/../../../../arm-none-eabi/lib/thumb/v7e-m/fpv4-sp/hard/libc.a(lib_a-wsetup.o)
                0x000000000002cafc                __swsetup_r
 .text.startup.register_fini
                0x000000000002cbc8       0x14 /usr/bin/../lib/gcc/arm-none-eabi/7.3.1/../../../../arm-none-eabi/lib/thumb/v7e-m/fpv4-sp/hard/libc.a(lib_a-__call_atexit.o)
 .text.__call_exitprocs
                0x000000000002cbdc       0xe8 /usr/bin/../lib/gcc/arm-none-eabi/7.3.1/../../../../arm-none-eabi/lib/thumb/v7e-m/fpv4-sp/hard/libc.a(lib_a-__call_atexit.o)
                0x000000000002cbdc                __call_exitprocs
 .text.atexit   0x000000000002ccc4        0xc /usr/bin/../lib/gcc/arm-none-eabi/7.3.1/../../../../arm-none-eabi/lib/thumb/v7e-m/fpv4-sp/hard/libc.a(lib_a-atexit.o)
                0x000000000002ccc4                atexit
 .text.quorem   0x000000000002ccd0      0x124 /usr/bin/../lib/gcc/arm-none-eabi/7.3.1/../../../../arm-none-eabi/lib/thumb/v7e-m/fpv4-sp/hard/libc.a(lib_a-dtoa.o)
 *fill*         0x000000000002cdf4        0x4 
 .text._dtoa_r  0x000000000002cdf8      0xe20 /usr/bin/../lib/gcc/arm-none-eabi/7.3.1/../../../../arm-none-eabi/lib/thumb/v7e-m/fpv4-sp/hard/libc.a(lib_a-dtoa.o)
                0x000000000002cdf8                _dtoa_r
 .text.__sflush_r
                0x000000000002dc18      0x154 /usr/bin/../lib/gcc/arm-none-eabi/7.3.1/../../../../arm-none-eabi/lib/thumb/v7e-m/fpv4-sp/hard/libc.a(lib_a-fflush.o)
                0x000000000002dc18                __sflush_r
 .text._fflush_r
                0x000000000002dd6c       0x5c /usr/bin/../lib/gcc/arm-none-eabi/7.3.1/../../../../arm-none-eabi/lib/thumb/v7e-m/fpv4-sp/hard/libc.a(lib_a-fflush.o)
                0x000000000002dd6c                _fflush_r
 .text.std      0x000000000002ddc8       0x50 /usr/bin/../lib/gcc/arm-none-eabi/7.3.1/../../../../arm-none-eabi/lib/thumb/v7e-m/fpv4-sp/hard/libc.a(lib_a-findfp.o)
 .text._cleanup_r
                0x000000000002de18        0xc /usr/bin/../lib/gcc/arm-none-eabi/7.3.1/../../../../arm-none-eabi/lib/thumb/v7e-m/fpv4-sp/hard/libc.a(lib_a-findfp.o)
                0x000000000002de18                _cleanup_r
 .text.__sinit  0x000000000002de24       0x58 /usr/bin/../lib/gcc/arm-none-eabi/7.3.1/../../../../arm-none-eabi/lib/thumb/v7e-m/fpv4-sp/hard/libc.a(lib_a-findfp.o)
                0x000000000002de24                __sinit
 .text.__sfp_lock_acquire
                0x000000000002de7c        0xc /usr/bin/../lib/gcc/arm-none-eabi/7.3.1/../../../../arm-none-eabi/lib/thumb/v7e-m/fpv4-sp/hard/libc.a(lib_a-findfp.o)
                0x000000000002de7c                __sfp_lock_acquire
 .text.__sfp_lock_release
                0x000000000002de88        0xc /usr/bin/../lib/gcc/arm-none-eabi/7.3.1/../../../../arm-none-eabi/lib/thumb/v7e-m/fpv4-sp/hard/libc.a(lib_a-findfp.o)
                0x000000000002de88                __sfp_lock_release
 .text.__libc_fini_array
                0x000000000002de94       0x34 /usr/bin/../lib/gcc/arm-none-eabi/7.3.1/../../../../arm-none-eabi/lib/thumb/v7e-m/fpv4-sp/hard/libc.a(lib_a-fini.o)
                0x000000000002de94                __libc_fini_array
 .text._malloc_trim_r
                0x000000000002dec8       0xa0 /usr/bin/../lib/gcc/arm-none-eabi/7.3.1/../../../../arm-none-eabi/lib/thumb/v7e-m/fpv4-sp/hard/libc.a(lib_a-freer.o)
                0x000000000002dec8                _malloc_trim_r
 .text._free_r  0x000000000002df68      0x1e8 /usr/bin/../lib/gcc/arm-none-eabi/7.3.1/../../../../arm-none-eabi/lib/thumb/v7e-m/fpv4-sp/hard/libc.a(lib_a-freer.o)
                0x000000000002df68                _free_r
 .text.__sfvwrite_r
                0x000000000002e150      0x2fc /usr/bin/../lib/gcc/arm-none-eabi/7.3.1/../../../../arm-none-eabi/lib/thumb/v7e-m/fpv4-sp/hard/libc.a(lib_a-fvwrite.o)
                0x000000000002e150                __sfvwrite_r
 .text._fwalk_reent
                0x000000000002e44c       0x54 /usr/bin/../lib/gcc/arm-none-eabi/7.3.1/../../../../arm-none-eabi/lib/thumb/v7e-m/fpv4-sp/hard/libc.a(lib_a-fwalk.o)
                0x000000000002e44c                _fwalk_reent
 .text._localeconv_r
                0x000000000002e4a0       0x1c /usr/bin/../lib/gcc/arm-none-eabi/7.3.1/../../../../arm-none-eabi/lib/thumb/v7e-m/fpv4-sp/hard/libc.a(lib_a-localeconv.o)
                0x000000000002e4a0                _localeconv_r
 .text.__retarget_lock_init_recursive
                0x000000000002e4bc        0x4 /usr/bin/../lib/gcc/arm-none-eabi/7.3.1/../../../../arm-none-eabi/lib/thumb/v7e-m/fpv4-sp/hard/libc.a(lib_a-lock.o)
                0x000000000002e4bc                __retarget_lock_init_recursive
 .text.__retarget_lock_close_recursive
                0x000000000002e4c0        0x4 /usr/bin/../lib/gcc/arm-none-eabi/7.3.1/../../../../arm-none-eabi/lib/thumb/v7e-m/fpv4-sp/hard/libc.a(lib_a-lock.o)
                0x000000000002e4c0                __retarget_lock_close_recursive
 .text.__retarget_lock_acquire_recursive
                0x000000000002e4c4        0x4 /usr/bin/../lib/gcc/arm-none-eabi/7.3.1/../../../../arm-none-eabi/lib/thumb/v7e-m/fpv4-sp/hard/libc.a(lib_a-lock.o)
                0x000000000002e4c4                __retarget_lock_acquire_recursive
 .text.__retarget_lock_release_recursive
                0x000000000002e4c8        0x4 /usr/bin/../lib/gcc/arm-none-eabi/7.3.1/../../../../arm-none-eabi/lib/thumb/v7e-m/fpv4-sp/hard/libc.a(lib_a-lock.o)
                0x000000000002e4c8                __retarget_lock_release_recursive
 .text.__swhatbuf_r
                0x000000000002e4cc       0x5c /usr/bin/../lib/gcc/arm-none-eabi/7.3.1/../../../../arm-none-eabi/lib/thumb/v7e-m/fpv4-sp/hard/libc.a(lib_a-makebuf.o)
                0x000000000002e4cc                __swhatbuf_r
 .text.__smakebuf_r
                0x000000000002e528       0x94 /usr/bin/../lib/gcc/arm-none-eabi/7.3.1/../../../../arm-none-eabi/lib/thumb/v7e-m/fpv4-sp/hard/libc.a(lib_a-makebuf.o)
                0x000000000002e528                __smakebuf_r
 .text.malloc   0x000000000002e5bc       0x10 /usr/bin/../lib/gcc/arm-none-eabi/7.3.1/../../../../arm-none-eabi/lib/thumb/v7e-m/fpv4-sp/hard/libc.a(lib_a-malloc.o)
                0x000000000002e5bc                malloc
 .text.free     0x000000000002e5cc       0x10 /usr/bin/../lib/gcc/arm-none-eabi/7.3.1/../../../../arm-none-eabi/lib/thumb/v7e-m/fpv4-sp/hard/libc.a(lib_a-malloc.o)
                0x000000000002e5cc                free
 .text._malloc_r
                0x000000000002e5dc      0x548 /usr/bin/../lib/gcc/arm-none-eabi/7.3.1/../../../../arm-none-eabi/lib/thumb/v7e-m/fpv4-sp/hard/libc.a(lib_a-mallocr.o)
                0x000000000002e5dc                _malloc_r
 *fill*         0x000000000002eb24        0xc 
 .text          0x000000000002eb30       0xa0 /usr/bin/../lib/gcc/arm-none-eabi/7.3.1/../../../../arm-none-eabi/lib/thumb/v7e-m/fpv4-sp/hard/libc.a(lib_a-memchr.o)
                0x000000000002eb30                memchr
 .text.memmove  0x000000000002ebd0       0xc8 /usr/bin/../lib/gcc/arm-none-eabi/7.3.1/../../../../arm-none-eabi/lib/thumb/v7e-m/fpv4-sp/hard/libc.a(lib_a-memmove.o)
                0x000000000002ebd0                memmove
 .text.__malloc_lock
                0x000000000002ec98        0xc /usr/bin/../lib/gcc/arm-none-eabi/7.3.1/../../../../arm-none-eabi/lib/thumb/v7e-m/fpv4-sp/hard/libc.a(lib_a-mlock.o)
                0x000000000002ec98                __malloc_lock
 .text.__malloc_unlock
                0x000000000002eca4        0xc /usr/bin/../lib/gcc/arm-none-eabi/7.3.1/../../../../arm-none-eabi/lib/thumb/v7e-m/fpv4-sp/hard/libc.a(lib_a-mlock.o)
                0x000000000002eca4                __malloc_unlock
 .text._Balloc  0x000000000002ecb0       0x4c /usr/bin/../lib/gcc/arm-none-eabi/7.3.1/../../../../arm-none-eabi/lib/thumb/v7e-m/fpv4-sp/hard/libc.a(lib_a-mprec.o)
                0x000000000002ecb0                _Balloc
 .text._Bfree   0x000000000002ecfc       0x14 /usr/bin/../lib/gcc/arm-none-eabi/7.3.1/../../../../arm-none-eabi/lib/thumb/v7e-m/fpv4-sp/hard/libc.a(lib_a-mprec.o)
                0x000000000002ecfc                _Bfree
 .text.__multadd
                0x000000000002ed10       0x80 /usr/bin/../lib/gcc/arm-none-eabi/7.3.1/../../../../arm-none-eabi/lib/thumb/v7e-m/fpv4-sp/hard/libc.a(lib_a-mprec.o)
                0x000000000002ed10                __multadd
 .text.__hi0bits
                0x000000000002ed90       0x40 /usr/bin/../lib/gcc/arm-none-eabi/7.3.1/../../../../arm-none-eabi/lib/thumb/v7e-m/fpv4-sp/hard/libc.a(lib_a-mprec.o)
                0x000000000002ed90                __hi0bits
 .text.__lo0bits
                0x000000000002edd0       0x60 /usr/bin/../lib/gcc/arm-none-eabi/7.3.1/../../../../arm-none-eabi/lib/thumb/v7e-m/fpv4-sp/hard/libc.a(lib_a-mprec.o)
                0x000000000002edd0                __lo0bits
 .text.__i2b    0x000000000002ee30       0x14 /usr/bin/../lib/gcc/arm-none-eabi/7.3.1/../../../../arm-none-eabi/lib/thumb/v7e-m/fpv4-sp/hard/libc.a(lib_a-mprec.o)
                0x000000000002ee30                __i2b
 .text.__multiply
                0x000000000002ee44      0x14c /usr/bin/../lib/gcc/arm-none-eabi/7.3.1/../../../../arm-none-eabi/lib/thumb/v7e-m/fpv4-sp/hard/libc.a(lib_a-mprec.o)
                0x000000000002ee44                __multiply
 .text.__pow5mult
                0x000000000002ef90       0xa0 /usr/bin/../lib/gcc/arm-none-eabi/7.3.1/../../../../arm-none-eabi/lib/thumb/v7e-m/fpv4-sp/hard/libc.a(lib_a-mprec.o)
                0x000000000002ef90                __pow5mult
 .text.__lshift
                0x000000000002f030       0xac /usr/bin/../lib/gcc/arm-none-eabi/7.3.1/../../../../arm-none-eabi/lib/thumb/v7e-m/fpv4-sp/hard/libc.a(lib_a-mprec.o)
                0x000000000002f030                __lshift
 .text.__mcmp   0x000000000002f0dc       0x38 /usr/bin/../lib/gcc/arm-none-eabi/7.3.1/../../../../arm-none-eabi/lib/thumb/v7e-m/fpv4-sp/hard/libc.a(lib_a-mprec.o)
                0x000000000002f0dc                __mcmp
 .text.__mdiff  0x000000000002f114       0xec /usr/bin/../lib/gcc/arm-none-eabi/7.3.1/../../../../arm-none-eabi/lib/thumb/v7e-m/fpv4-sp/hard/libc.a(lib_a-mprec.o)
                0x000000000002f114                __mdiff
 .text.__d2b    0x000000000002f200       0xc4 /usr/bin/../lib/gcc/arm-none-eabi/7.3.1/../../../../arm-none-eabi/lib/thumb/v7e-m/fpv4-sp/hard/libc.a(lib_a-mprec.o)
                0x000000000002f200                __d2b
 .text._realloc_r
                0x000000000002f2c4      0x35c /usr/bin/../lib/gcc/arm-none-eabi/7.3.1/../../../../arm-none-eabi/lib/thumb/v7e-m/fpv4-sp/hard/libc.a(lib_a-reallocr.o)
                0x000000000002f2c4                _realloc_r
 .text.frexp    0x000000000002f620       0x68 /usr/bin/../lib/gcc/arm-none-eabi/7.3.1/../../../../arm-none-eabi/lib/thumb/v7e-m/fpv4-sp/hard/libc.a(lib_a-s_frexp.o)
                0x000000000002f620                frexp
 .text._sbrk_r  0x000000000002f688       0x24 /usr/bin/../lib/gcc/arm-none-eabi/7.3.1/../../../../arm-none-eabi/lib/thumb/v7e-m/fpv4-sp/hard/libc.a(lib_a-sbrkr.o)
                0x000000000002f688                _sbrk_r
 .text.__sread  0x000000000002f6ac       0x24 /usr/bin/../lib/gcc/arm-none-eabi/7.3.1/../../../../arm-none-eabi/lib/thumb/v7e-m/fpv4-sp/hard/libc.a(lib_a-stdio.o)
                0x000000000002f6ac                __sread
 .text.__swrite
                0x000000000002f6d0       0x3c /usr/bin/../lib/gcc/arm-none-eabi/7.3.1/../../../../arm-none-eabi/lib/thumb/v7e-m/fpv4-sp/hard/libc.a(lib_a-stdio.o)
                0x000000000002f6d0                __swrite
 .text.__sseek  0x000000000002f70c       0x20 /usr/bin/../lib/gcc/arm-none-eabi/7.3.1/../../../../arm-none-eabi/lib/thumb/v7e-m/fpv4-sp/hard/libc.a(lib_a-stdio.o)
                0x000000000002f70c                __sseek
 .text.__sclose
                0x000000000002f72c        0x8 /usr/bin/../lib/gcc/arm-none-eabi/7.3.1/../../../../arm-none-eabi/lib/thumb/v7e-m/fpv4-sp/hard/libc.a(lib_a-stdio.o)
                0x000000000002f72c                __sclose
 .text.strncpy  0x000000000002f734       0x64 /usr/bin/../lib/gcc/arm-none-eabi/7.3.1/../../../../arm-none-eabi/lib/thumb/v7e-m/fpv4-sp/hard/libc.a(lib_a-strncpy.o)
                0x000000000002f734                strncpy
 .text.__sprint_r.part.0
                0x000000000002f798       0x78 /usr/bin/../lib/gcc/arm-none-eabi/7.3.1/../../../../arm-none-eabi/lib/thumb/v7e-m/fpv4-sp/hard/libc.a(lib_a-vfiprintf.o)
 .text.__sprint_r
                0x000000000002f810       0x14 /usr/bin/../lib/gcc/arm-none-eabi/7.3.1/../../../../arm-none-eabi/lib/thumb/v7e-m/fpv4-sp/hard/libc.a(lib_a-vfiprintf.o)
                0x000000000002f810                __sprint_r
 .text.__register_exitproc
                0x000000000002f824       0xc0 /usr/bin/../lib/gcc/arm-none-eabi/7.3.1/../../../../arm-none-eabi/lib/thumb/v7e-m/fpv4-sp/hard/libc.a(lib_a-__atexit.o)
                0x000000000002f824                __register_exitproc
 .text._calloc_r
                0x000000000002f8e4       0x68 /usr/bin/../lib/gcc/arm-none-eabi/7.3.1/../../../../arm-none-eabi/lib/thumb/v7e-m/fpv4-sp/hard/libc.a(lib_a-callocr.o)
                0x000000000002f8e4                _calloc_r
 .text._close_r
                0x000000000002f94c       0x24 /usr/bin/../lib/gcc/arm-none-eabi/7.3.1/../../../../arm-none-eabi/lib/thumb/v7e-m/fpv4-sp/hard/libc.a(lib_a-closer.o)
                0x000000000002f94c                _close_r
 .text._fclose_r
                0x000000000002f970       0xd0 /usr/bin/../lib/gcc/arm-none-eabi/7.3.1/../../../../arm-none-eabi/lib/thumb/v7e-m/fpv4-sp/hard/libc.a(lib_a-fclose.o)
                0x000000000002f970                _fclose_r
 .text.__fputwc
                0x000000000002fa40       0xa0 /usr/bin/../lib/gcc/arm-none-eabi/7.3.1/../../../../arm-none-eabi/lib/thumb/v7e-m/fpv4-sp/hard/libc.a(lib_a-fputwc.o)
                0x000000000002fa40                __fputwc
 .text._fputwc_r
                0x000000000002fae0       0x64 /usr/bin/../lib/gcc/arm-none-eabi/7.3.1/../../../../arm-none-eabi/lib/thumb/v7e-m/fpv4-sp/hard/libc.a(lib_a-fputwc.o)
                0x000000000002fae0                _fputwc_r
 .text._fstat_r
                0x000000000002fb44       0x28 /usr/bin/../lib/gcc/arm-none-eabi/7.3.1/../../../../arm-none-eabi/lib/thumb/v7e-m/fpv4-sp/hard/libc.a(lib_a-fstatr.o)
                0x000000000002fb44                _fstat_r
 .text._isatty_r
                0x000000000002fb6c       0x24 /usr/bin/../lib/gcc/arm-none-eabi/7.3.1/../../../../arm-none-eabi/lib/thumb/v7e-m/fpv4-sp/hard/libc.a(lib_a-isattyr.o)
                0x000000000002fb6c                _isatty_r
 .text._lseek_r
                0x000000000002fb90       0x2c /usr/bin/../lib/gcc/arm-none-eabi/7.3.1/../../../../arm-none-eabi/lib/thumb/v7e-m/fpv4-sp/hard/libc.a(lib_a-lseekr.o)
                0x000000000002fb90                _lseek_r
 .text._read_r  0x000000000002fbbc       0x2c /usr/bin/../lib/gcc/arm-none-eabi/7.3.1/../../../../arm-none-eabi/lib/thumb/v7e-m/fpv4-sp/hard/libc.a(lib_a-readr.o)
                0x000000000002fbbc                _read_r
 .text.__swbuf_r
                0x000000000002fbe8       0xb0 /usr/bin/../lib/gcc/arm-none-eabi/7.3.1/../../../../arm-none-eabi/lib/thumb/v7e-m/fpv4-sp/hard/libc.a(lib_a-wbuf.o)
                0x000000000002fbe8                __swbuf_r
 .text._wcrtomb_r
                0x000000000002fc98       0x50 /usr/bin/../lib/gcc/arm-none-eabi/7.3.1/../../../../arm-none-eabi/lib/thumb/v7e-m/fpv4-sp/hard/libc.a(lib_a-wcrtomb.o)
                0x000000000002fc98                _wcrtomb_r
 .text._close   0x000000000002fce8       0x10 /usr/bin/../lib/gcc/arm-none-eabi/7.3.1/../../../../arm-none-eabi/lib/thumb/v7e-m/fpv4-sp/hard/libnosys.a(close.o)
                0x000000000002fce8                _close
 .text._fstat   0x000000000002fcf8       0x10 /usr/bin/../lib/gcc/arm-none-eabi/7.3.1/../../../../arm-none-eabi/lib/thumb/v7e-m/fpv4-sp/hard/libnosys.a(fstat.o)
                0x000000000002fcf8                _fstat
 .text._isatty  0x000000000002fd08       0x10 /usr/bin/../lib/gcc/arm-none-eabi/7.3.1/../../../../arm-none-eabi/lib/thumb/v7e-m/fpv4-sp/hard/libnosys.a(isatty.o)
                0x000000000002fd08                _isatty
 .text._lseek   0x000000000002fd18       0x10 /usr/bin/../lib/gcc/arm-none-eabi/7.3.1/../../../../arm-none-eabi/lib/thumb/v7e-m/fpv4-sp/hard/libnosys.a(lseek.o)
                0x000000000002fd18                _lseek
 .text._read    0x000000000002fd28       0x10 /usr/bin/../lib/gcc/arm-none-eabi/7.3.1/../../../../arm-none-eabi/lib/thumb/v7e-m/fpv4-sp/hard/libnosys.a(read.o)
                0x000000000002fd28                _read
 .text._sbrk    0x000000000002fd38       0x1c /usr/bin/../lib/gcc/arm-none-eabi/7.3.1/../../../../arm-none-eabi/lib/thumb/v7e-m/fpv4-sp/hard/libnosys.a(sbrk.o)
                0x000000000002fd38                _sbrk
 .text._exit    0x000000000002fd54        0x4 /usr/bin/../lib/gcc/arm-none-eabi/7.3.1/../../../../arm-none-eabi/lib/thumb/v7e-m/fpv4-sp/hard/libnosys.a(_exit.o)
                0x000000000002fd54                _exit
 .text          0x000000000002fd58      0x378 /usr/bin/../lib/gcc/arm-none-eabi/7.3.1/thumb/v7e-m/fpv4-sp/hard/libgcc.a(_arm_addsubdf3.o)
                0x000000000002fd58                __aeabi_drsub
                0x000000000002fd60                __aeabi_dsub
                0x000000000002fd60                __subdf3
                0x000000000002fd64                __adddf3
                0x000000000002fd64                __aeabi_dadd
                0x000000000002ffdc                __aeabi_ui2d
                0x000000000002ffdc                __floatunsidf
                0x000000000002fffc                __floatsidf
                0x000000000002fffc                __aeabi_i2d
                0x0000000000030020                __extendsfdf2
                0x0000000000030020                __aeabi_f2d
                0x0000000000030064                __aeabi_ul2d
                0x0000000000030064                __floatundidf
                0x0000000000030074                __floatdidf
                0x0000000000030074                __aeabi_l2d
 .text          0x00000000000300d0      0x424 /usr/bin/../lib/gcc/arm-none-eabi/7.3.1/thumb/v7e-m/fpv4-sp/hard/libgcc.a(_arm_muldivdf3.o)
                0x00000000000300d0                __aeabi_dmul
                0x00000000000300d0                __muldf3
                0x0000000000030324                __aeabi_ddiv
                0x0000000000030324                __divdf3
 .text          0x00000000000304f4      0x110 /usr/bin/../lib/gcc/arm-none-eabi/7.3.1/thumb/v7e-m/fpv4-sp/hard/libgcc.a(_arm_cmpdf2.o)
                0x00000000000304f4                __gtdf2
                0x00000000000304f4                __gedf2
                0x00000000000304fc                __ltdf2
                0x00000000000304fc                __ledf2
                0x0000000000030504                __cmpdf2
                0x0000000000030504                __eqdf2
                0x0000000000030504                __nedf2
                0x0000000000030580                __aeabi_cdrcmple
                0x0000000000030590                __aeabi_cdcmple
                0x0000000000030590                __aeabi_cdcmpeq
                0x00000000000305a0                __aeabi_dcmpeq
                0x00000000000305b4                __aeabi_dcmplt
                0x00000000000305c8                __aeabi_dcmple
                0x00000000000305dc                __aeabi_dcmpge
                0x00000000000305f0                __aeabi_dcmpgt
 .text          0x0000000000030604       0x2c /usr/bin/../lib/gcc/arm-none-eabi/7.3.1/thumb/v7e-m/fpv4-sp/hard/libgcc.a(_arm_unorddf2.o)
                0x0000000000030604                __aeabi_dcmpun
                0x0000000000030604                __unorddf2
 .text          0x0000000000030630       0x50 /usr/bin/../lib/gcc/arm-none-eabi/7.3.1/thumb/v7e-m/fpv4-sp/hard/libgcc.a(_arm_fixdfsi.o)
                0x0000000000030630                __fixdfsi
                0x0000000000030630                __aeabi_d2iz
 .text          0x0000000000030680       0x30 /usr/bin/../lib/gcc/arm-none-eabi/7.3.1/thumb/v7e-m/fpv4-sp/hard/libgcc.a(_aeabi_uldivmod.o)
                0x0000000000030680                __aeabi_uldivmod
 .text          0x00000000000306b0      0x2cc /usr/bin/../lib/gcc/arm-none-eabi/7.3.1/thumb/v7e-m/fpv4-sp/hard/libgcc.a(_udivmoddi4.o)
                0x00000000000306b0                __udivmoddi4
 .text          0x000000000003097c        0x4 /usr/bin/../lib/gcc/arm-none-eabi/7.3.1/thumb/v7e-m/fpv4-sp/hard/libgcc.a(_dvmd_tls.o)
                0x000000000003097c                __aeabi_ldiv0
                0x000000000003097c                __aeabi_idiv0
 *(.init)
 .init          0x0000000000030980        0x4 /usr/bin/../lib/gcc/arm-none-eabi/7.3.1/thumb/v7e-m/fpv4-sp/hard/crti.o
                0x0000000000030980                _init
 .init          0x0000000000030984        0x8 /usr/bin/../lib/gcc/arm-none-eabi/7.3.1/thumb/v7e-m/fpv4-sp/hard/crtn.o
 *(.fini)
 .fini          0x000000000003098c        0x4 /usr/bin/../lib/gcc/arm-none-eabi/7.3.1/thumb/v7e-m/fpv4-sp/hard/crti.o
                0x000000000003098c                _fini
 .fini          0x0000000000030990        0x8 /usr/bin/../lib/gcc/arm-none-eabi/7.3.1/thumb/v7e-m/fpv4-sp/hard/crtn.o
 *crtbegin.o(.ctors)
 *crtbegin?.o(.ctors)
 *(EXCLUDE_FILE(*crtend.o *crtend?.o) .ctors)
 *(SORT_BY_NAME(.ctors.*))
 *(.ctors)
 *crtbegin.o(.dtors)
 *crtbegin?.o(.dtors)
 *(EXCLUDE_FILE(*crtend.o *crtend?.o) .dtors)
 *(SORT_BY_NAME(.dtors.*))
 *(.dtors)
 *(.rodata*)
 .rodata        0x0000000000030998        0x4 _build/main.o
 .rodata.adv_timer
                0x000000000003099c        0x4 _build/main.o
 .rodata.adv_timer_callback.str1.1
                0x00000000000309a0       0x12 _build/main.o
 *fill*         0x00000000000309b2        0xe 
 .rodata.delay_bytecode.9758
                0x00000000000309c0        0x6 _build/main.o
 .rodata.main.str1.1
                0x00000000000309c6        0xe _build/main.o
 .rodata.sample_value.str1.1
                0x00000000000309d4        0x7 _build/main.o
 .rodata.str1.1
                0x00000000000309db        0x6 _build/main.o
 .rodata.app_error_fault_handler.str1.1
                0x00000000000309e1       0xb6 _build/better_error_handling.o
 *fill*         0x0000000000030a97        0x9 
 .rodata.delay_bytecode.9062
                0x0000000000030aa0        0x6 _build/better_error_handling.o
 .rodata._DoInit.str1.1
                0x0000000000030aa6       0x14 _build/SEGGER_RTT.o
 *fill*         0x0000000000030aba        0x6 
 .rodata.delay_bytecode.9706
                0x0000000000030ac0        0x6 _build/app_timer.o
 .rodata.app_util_critical_region_enter.str1.1
                0x0000000000030ac6       0x54 _build/app_util_platform.o
 .rodata.HardFault_c_handler.str1.1
                0x0000000000030b1a       0xfb _build/hardfault_implementation.o
 *fill*         0x0000000000030c15        0x3 
 .rodata.cfsr_msgs.9902
                0x0000000000030c18       0x68 _build/hardfault_implementation.o
 .rodata.str1.1
                0x0000000000030c80      0x4c0 _build/hardfault_implementation.o
 .rodata.nrf_balloc_init.str1.1
                0x0000000000031140       0x4f _build/nrf_balloc.o
 .rodata.nrf_drv_clock_uninit.str1.1
                0x000000000003118f       0x4e _build/nrf_drv_clock.o
 .rodata.str1.1
                0x00000000000311dd        0x6 _build/nrf_drv_clock.o
 .rodata.nrf_fprintf_buffer_flush.str1.1
                0x00000000000311e3       0x45 _build/nrf_fprintf.o
 .rodata._aV2C.7999
                0x0000000000031228       0x10 _build/nrf_fprintf_format.o
 .rodata.nrf_fprintf_fmt.str1.1
                0x0000000000031238       0x4c _build/nrf_fprintf_format.o
 .rodata.str1.1
                0x0000000000031284        0xd _build/nrf_fstorage.o
 *fill*         0x0000000000031291        0xf 
 .rodata.delay_bytecode.9977
                0x00000000000312a0        0x6 _build/nrf_log_backend_rtt.o
 *fill*         0x00000000000312a6        0x2 
 .rodata.nrf_log_backend_rtt_api
                0x00000000000312a8        0xc _build/nrf_log_backend_rtt.o
                0x00000000000312a8                nrf_log_backend_rtt_api
 .rodata.nrf_log_default_backends_init.str1.1
                0x00000000000312b4       0x6b _build/nrf_log_default_backends.o
 .rodata.invalid_packets_pushed_str_omit.str1.1
                0x000000000003131f       0x63 _build/nrf_log_frontend.o
 .rodata.nrf_log_frontend_dequeue.str1.1
                0x0000000000031382       0x11 _build/nrf_log_frontend.o
 .rodata.str1.1
                0x0000000000031393       0x17 _build/nrf_log_frontend.o
 *fill*         0x00000000000313aa        0x2 
 .rodata.m_colors
                0x00000000000313ac       0x24 _build/nrf_log_str_formatter.o
 .rodata.nrf_log_hexdump_entry_process.str1.1
                0x00000000000313d0        0xf _build/nrf_log_str_formatter.o
                                         0x11 (size before relaxing)
 .rodata.postfix_process.str1.1
                0x00000000000313df        0x8 _build/nrf_log_str_formatter.o
                                          0xb (size before relaxing)
 .rodata.prefix_process.str1.1
                0x00000000000313e7       0x2a _build/nrf_log_str_formatter.o
 *fill*         0x0000000000031411        0x3 
 .rodata.severity_names
                0x0000000000031414       0x14 _build/nrf_log_str_formatter.o
 .rodata.str1.1
                0x0000000000031428       0x4b _build/nrf_log_str_formatter.o
                                         0x51 (size before relaxing)
 .rodata.memobj_op.str1.1
                0x0000000000031473       0x5c _build/nrf_memobj.o
 .rodata.str1.1
                0x00000000000314cf        0x9 _build/nrf_pwr_mgmt.o
 .rodata.nrf_section_iter_init.str1.1
                0x00000000000314d8       0x68 _build/nrf_section_iter.o
 .rodata.m_unknown_str
                0x0000000000031540       0x13 _build/nrf_strerror.o
 *fill*         0x0000000000031553        0x1 
 .rodata.nrf_strerror_array
                0x0000000000031554      0x128 _build/nrf_strerror.o
 .rodata.str1.1
                0x000000000003167c      0x3ba _build/nrf_strerror.o
 .rodata.nrfx_clock_init.str1.1
                0x0000000000031a36       0x4c _build/nrfx_clock.o
 .rodata.str1.1
                0x0000000000031a82        0x6 _build/nrfx_clock.o
 .rodata.nrf_gpio_pin_port_decode.isra.0.part.1.str1.1
                0x0000000000031a88       0x42 _build/nrfx_gpiote.o
 .rodata.nrfx_gpiote_out_init.str1.1
                0x0000000000031aca       0x4d _build/nrfx_gpiote.o
 .rodata.str1.1
                0x0000000000031b17        0x7 _build/nrfx_gpiote.o
 .rodata.UARTE0_UART0_IRQHandler.str1.1
                0x0000000000031b1e       0x4e _build/nrfx_prs.o
 .rodata.str1.1
                0x0000000000031b6c        0x4 _build/nrfx_prs.o
 .rodata.str1.1
                0x0000000000031b70        0x4 _build/nrfx_pwm.o
 .rodata.nrfx_saadc_init.str1.1
                0x0000000000031b74       0x8f _build/nrfx_saadc.o
 .rodata.str1.1
                0x0000000000031c03        0x6 _build/nrfx_saadc.o
 .rodata.SPIM1_SPIS1_TWIM1_TWIS1_SPI1_TWI1_IRQHandler.str1.1
                0x0000000000031c09       0x4b _build/nrfx_spim.o
 .rodata.nrf_gpio_pin_port_decode.isra.0.part.1.str1.1
                0x0000000000031c54       0x42 _build/nrfx_spim.o
 .rodata.str1.1
                0x0000000000031c54        0x5 _build/nrfx_spim.o
 .rodata.str1.1
                0x0000000000031c59        0x6 _build/nrfx_timer.o
 .rodata.SPIM0_SPIS0_TWIM0_TWIS0_SPI0_TWI0_IRQHandler.str1.1
                0x0000000000031c5f       0x4b _build/nrfx_twim.o
 .rodata.str1.1
                0x0000000000031caa        0x5 _build/nrfx_twim.o
 .rodata.str1.1
                0x0000000000031caf        0x5 _build/nrfx_uart.o
 .rodata.str1.1
                0x0000000000031cb4        0x6 _build/nrfx_uarte.o
 .rodata.data_length_update.str1.1
                0x0000000000031cba       0xdf _build/nrf_ble_gatt.o
 .rodata.nrf_ble_gatt_on_ble_evt.str1.1
                0x0000000000031d99       0x60 _build/nrf_ble_gatt.o
 .rodata.str1.1
                0x0000000000031df9        0xd _build/nrf_ble_gatt.o
 .rodata        0x0000000000031e06        0x4 _build/nrf_sdh.o
 *fill*         0x0000000000031e0a        0x2 
 .rodata.sdh_req_observers
                0x0000000000031e0c        0xc _build/nrf_sdh.o
 .rodata.sdh_stack_observers
                0x0000000000031e18        0xc _build/nrf_sdh.o
 .rodata.sdh_state_observers
                0x0000000000031e24        0xc _build/nrf_sdh.o
 .rodata.softdevices_evt_irq_enable.str1.1
                0x0000000000031e30       0x4d _build/nrf_sdh.o
 .rodata.str1.1
                0x0000000000031e7d        0x8 _build/nrf_sdh.o
 .rodata.nrf_sdh_ble_enable.str1.1
                0x0000000000031e85       0xa7 _build/nrf_sdh_ble.o
 .rodata.nrf_sdh_ble_evts_poll.part.0.str1.1
                0x0000000000031f2c       0x51 _build/nrf_sdh_ble.o
 *fill*         0x0000000000031f7d        0x3 
 .rodata.sdh_ble_observers
                0x0000000000031f80        0xc _build/nrf_sdh_ble.o
 .rodata.str1.1
                0x0000000000031f8c        0xc _build/nrf_sdh_ble.o
 .rodata.CONN_SUP_TIMEOUT
                0x0000000000031f98        0x4 _build/simple_ble.o
                0x0000000000031f98                CONN_SUP_TIMEOUT
 .rodata.FIRST_CONN_PARAMS_UPDATE_DELAY
                0x0000000000031f9c        0x4 _build/simple_ble.o
                0x0000000000031f9c                FIRST_CONN_PARAMS_UPDATE_DELAY
 .rodata.SLAVE_LATENCY
                0x0000000000031fa0        0x4 _build/simple_ble.o
                0x0000000000031fa0                SLAVE_LATENCY
 .rodata.assert_nrf_callback.str1.1
                0x0000000000031fa4       0x24 _build/simple_ble.o
 .rodata.conn_params_error_handler.str1.1
                0x0000000000031fc8       0x2e _build/simple_ble.o
 *fill*         0x0000000000031ff6        0x2 
 .rodata._global_impure_ptr
                0x0000000000031ff8        0x4 /usr/bin/../lib/gcc/arm-none-eabi/7.3.1/../../../../arm-none-eabi/lib/thumb/v7e-m/fpv4-sp/hard/libc.a(lib_a-impure.o)
                0x0000000000031ff8                _global_impure_ptr
 .rodata._setlocale_r.str1.4
                0x0000000000031ffc        0xa /usr/bin/../lib/gcc/arm-none-eabi/7.3.1/../../../../arm-none-eabi/lib/thumb/v7e-m/fpv4-sp/hard/libc.a(lib_a-locale.o)
                                          0xd (size before relaxing)
 *fill*         0x0000000000032006        0x2 
 .rodata.str1.4
                0x0000000000032008        0x2 /usr/bin/../lib/gcc/arm-none-eabi/7.3.1/../../../../arm-none-eabi/lib/thumb/v7e-m/fpv4-sp/hard/libc.a(lib_a-locale.o)
 *fill*         0x000000000003200a        0x2 
 .rodata._puts_r.str1.4
                0x000000000003200c        0x2 /usr/bin/../lib/gcc/arm-none-eabi/7.3.1/../../../../arm-none-eabi/lib/thumb/v7e-m/fpv4-sp/hard/libc.a(lib_a-puts.o)
 *fill*         0x000000000003200e        0x2 
 .rodata._vfprintf_r.str1.4
                0x0000000000032010       0x42 /usr/bin/../lib/gcc/arm-none-eabi/7.3.1/../../../../arm-none-eabi/lib/thumb/v7e-m/fpv4-sp/hard/libc.a(lib_a-vfprintf.o)
 *fill*         0x0000000000032052        0x2 
 .rodata.blanks.8605
                0x0000000000032054       0x10 /usr/bin/../lib/gcc/arm-none-eabi/7.3.1/../../../../arm-none-eabi/lib/thumb/v7e-m/fpv4-sp/hard/libc.a(lib_a-vfprintf.o)
 .rodata.zeroes.8606
                0x0000000000032064       0x10 /usr/bin/../lib/gcc/arm-none-eabi/7.3.1/../../../../arm-none-eabi/lib/thumb/v7e-m/fpv4-sp/hard/libc.a(lib_a-vfprintf.o)
 .rodata._ctype_
                0x0000000000032074      0x101 /usr/bin/../lib/gcc/arm-none-eabi/7.3.1/../../../../arm-none-eabi/lib/thumb/v7e-m/fpv4-sp/hard/libc.a(lib_a-ctype_.o)
                0x0000000000032074                _ctype_
 *fill*         0x0000000000032175        0x3 
 .rodata._dtoa_r.str1.4
                0x0000000000032178       0x10 /usr/bin/../lib/gcc/arm-none-eabi/7.3.1/../../../../arm-none-eabi/lib/thumb/v7e-m/fpv4-sp/hard/libc.a(lib_a-dtoa.o)
                                         0x12 (size before relaxing)
 .rodata.__mprec_bigtens
                0x0000000000032188       0x28 /usr/bin/../lib/gcc/arm-none-eabi/7.3.1/../../../../arm-none-eabi/lib/thumb/v7e-m/fpv4-sp/hard/libc.a(lib_a-mprec.o)
                0x0000000000032188                __mprec_bigtens
 .rodata.__mprec_tens
                0x00000000000321b0       0xc8 /usr/bin/../lib/gcc/arm-none-eabi/7.3.1/../../../../arm-none-eabi/lib/thumb/v7e-m/fpv4-sp/hard/libc.a(lib_a-mprec.o)
                0x00000000000321b0                __mprec_tens
 .rodata.p05.7367
                0x0000000000032278        0xc /usr/bin/../lib/gcc/arm-none-eabi/7.3.1/../../../../arm-none-eabi/lib/thumb/v7e-m/fpv4-sp/hard/libc.a(lib_a-mprec.o)
 *(.eh_frame*)
 .eh_frame      0x0000000000032284        0x0 /usr/bin/../lib/gcc/arm-none-eabi/7.3.1/thumb/v7e-m/fpv4-sp/hard/crtbegin.o
 .eh_frame      0x0000000000032284        0x4 /usr/bin/../lib/gcc/arm-none-eabi/7.3.1/thumb/v7e-m/fpv4-sp/hard/crtend.o

.glue_7         0x0000000000032288        0x0
 .glue_7        0x0000000000032288        0x0 linker stubs

.glue_7t        0x0000000000032288        0x0
 .glue_7t       0x0000000000032288        0x0 linker stubs

.vfp11_veneer   0x0000000000032288        0x0
 .vfp11_veneer  0x0000000000032288        0x0 linker stubs

.v4_bx          0x0000000000032288        0x0
 .v4_bx         0x0000000000032288        0x0 linker stubs

.iplt           0x0000000000032288        0x0
 .iplt          0x0000000000032288        0x0 /usr/bin/../lib/gcc/arm-none-eabi/7.3.1/thumb/v7e-m/fpv4-sp/hard/crtbegin.o

.mem_section_dummy_rom

.sdh_soc_observers
                0x0000000000032288       0x10
                [!provide]                        PROVIDE (__start_sdh_soc_observers = .)
 *(SORT_BY_NAME(.sdh_soc_observers*))
 .sdh_soc_observers0
                0x0000000000032288        0x8 _build/nrf_drv_clock.o
 .sdh_soc_observers1
                0x0000000000032290        0x8 _build/simple_ble.o
                [!provide]                        PROVIDE (__stop_sdh_soc_observers = .)

.crypto_data    0x0000000000032298        0x0
                [!provide]                        PROVIDE (__start_crypto_data = .)
 *(SORT_BY_NAME(.crypto_data*))
                [!provide]                        PROVIDE (__stop_crypto_data = .)

.log_const_data
                0x0000000000032298       0x98
                0x0000000000032298                PROVIDE (__start_log_const_data = .)
 *(SORT_BY_NAME(.log_const_data*))
 .log_const_data_CLOCK
                0x0000000000032298        0x8 _build/nrfx_clock.o
                0x0000000000032298                m_nrf_log_CLOCK_logs_data_const
 .log_const_data_GPIOTE
                0x00000000000322a0        0x8 _build/nrfx_gpiote.o
                0x00000000000322a0                m_nrf_log_GPIOTE_logs_data_const
 .log_const_data_PRS
                0x00000000000322a8        0x8 _build/nrfx_prs.o
                0x00000000000322a8                m_nrf_log_PRS_logs_data_const
 .log_const_data_PWM
                0x00000000000322b0        0x8 _build/nrfx_pwm.o
                0x00000000000322b0                m_nrf_log_PWM_logs_data_const
 .log_const_data_SAADC
                0x00000000000322b8        0x8 _build/nrfx_saadc.o
                0x00000000000322b8                m_nrf_log_SAADC_logs_data_const
 .log_const_data_SPIM
                0x00000000000322c0        0x8 _build/nrfx_spim.o
                0x00000000000322c0                m_nrf_log_SPIM_logs_data_const
 .log_const_data_TIMER
                0x00000000000322c8        0x8 _build/nrfx_timer.o
                0x00000000000322c8                m_nrf_log_TIMER_logs_data_const
 .log_const_data_TWIM
                0x00000000000322d0        0x8 _build/nrfx_twim.o
                0x00000000000322d0                m_nrf_log_TWIM_logs_data_const
 .log_const_data_UART
                0x00000000000322d8        0x8 _build/nrfx_uart.o
                0x00000000000322d8                m_nrf_log_UART_logs_data_const
 .log_const_data_UARTE
                0x00000000000322e0        0x8 _build/nrfx_uarte.o
                0x00000000000322e0                m_nrf_log_UARTE_logs_data_const
 .log_const_data_app
                0x00000000000322e8        0x8 _build/nrf_log_frontend.o
                0x00000000000322e8                m_nrf_log_app_logs_data_const
 .log_const_data_balloc_log_mempool
                0x00000000000322f0        0x8 _build/nrf_log_frontend.o
                0x00000000000322f0                m_nrf_log_balloc_log_mempool_logs_data_const
 .log_const_data_clock
                0x00000000000322f8        0x8 _build/nrf_drv_clock.o
                0x00000000000322f8                m_nrf_log_clock_logs_data_const
 .log_const_data_hardfault
                0x0000000000032300        0x8 _build/hardfault_implementation.o
                0x0000000000032300                m_nrf_log_hardfault_logs_data_const
 .log_const_data_nrf_ble_gatt
                0x0000000000032308        0x8 _build/nrf_ble_gatt.o
                0x0000000000032308                m_nrf_log_nrf_ble_gatt_logs_data_const
 .log_const_data_nrf_fstorage
                0x0000000000032310        0x8 _build/nrf_fstorage.o
                0x0000000000032310                m_nrf_log_nrf_fstorage_logs_data_const
 .log_const_data_nrf_sdh
                0x0000000000032318        0x8 _build/nrf_sdh.o
                0x0000000000032318                m_nrf_log_nrf_sdh_logs_data_const
 .log_const_data_nrf_sdh_ble
                0x0000000000032320        0x8 _build/nrf_sdh_ble.o
                0x0000000000032320                m_nrf_log_nrf_sdh_ble_logs_data_const
 .log_const_data_pwr_mgmt
                0x0000000000032328        0x8 _build/nrf_pwr_mgmt.o
                0x0000000000032328                m_nrf_log_pwr_mgmt_logs_data_const
                0x0000000000032330                PROVIDE (__stop_log_const_data = .)

.nrf_balloc     0x0000000000032330       0x18
                [!provide]                        PROVIDE (__start_nrf_balloc = .)
 *(.nrf_balloc)
 .nrf_balloc    0x0000000000032330       0x18 _build/nrf_log_frontend.o
                0x0000000000032330                log_mempool
                [!provide]                        PROVIDE (__stop_nrf_balloc = .)

.nrf_queue      0x0000000000032348        0x0
                [!provide]                        PROVIDE (__start_nrf_queue = .)
 *(.nrf_queue)
                [!provide]                        PROVIDE (__stop_nrf_queue = .)

.sdh_state_observers
                0x0000000000032348        0x8
                0x0000000000032348                PROVIDE (__start_sdh_state_observers = .)
 *(SORT_BY_NAME(.sdh_state_observers*))
 .sdh_state_observers0
                0x0000000000032348        0x8 _build/nrf_drv_clock.o
                0x0000000000032350                PROVIDE (__stop_sdh_state_observers = .)

.sdh_stack_observers
                0x0000000000032350        0x8
                0x0000000000032350                PROVIDE (__start_sdh_stack_observers = .)
 *(SORT_BY_NAME(.sdh_stack_observers*))
 .sdh_stack_observers0
                0x0000000000032350        0x8 _build/nrf_sdh_ble.o
                0x0000000000032358                PROVIDE (__stop_sdh_stack_observers = .)

.sdh_req_observers
                0x0000000000032358        0x0
                0x0000000000032358                PROVIDE (__start_sdh_req_observers = .)
 *(SORT_BY_NAME(.sdh_req_observers*))
                0x0000000000032358                PROVIDE (__stop_sdh_req_observers = .)

.cli_command    0x0000000000032358        0x0
                [!provide]                        PROVIDE (__start_cli_command = .)
 *(.cli_command)
                [!provide]                        PROVIDE (__stop_cli_command = .)

.pwr_mgmt_data  0x0000000000032358        0x0
                0x0000000000032358                PROVIDE (__start_pwr_mgmt_data = .)
 *(SORT_BY_NAME(.pwr_mgmt_data*))
                0x0000000000032358                PROVIDE (__stop_pwr_mgmt_data = .)

.sdh_ble_observers
                0x0000000000032358       0x20
                0x0000000000032358                PROVIDE (__start_sdh_ble_observers = .)
 *(SORT_BY_NAME(.sdh_ble_observers*))
 .sdh_ble_observers1
                0x0000000000032358        0x8 _build/ble_conn_params.o
 .sdh_ble_observers1
                0x0000000000032360       0x10 _build/simple_ble.o
 .sdh_ble_observers3
                0x0000000000032370        0x8 _build/simple_ble.o
                0x0000000000032378                PROVIDE (__stop_sdh_ble_observers = .)

.dfu_trans      0x0000000000032378        0x0
                [!provide]                        PROVIDE (__start_dfu_trans = .)
 *(SORT_BY_NAME(.dfu_trans*))
                [!provide]                        PROVIDE (__stop_dfu_trans = .)

.ARM.extab
 *(.ARM.extab* .gnu.linkonce.armextab.*)
                0x0000000000032378                __exidx_start = .

.ARM.exidx      0x0000000000032378        0x8
 *(.ARM.exidx* .gnu.linkonce.armexidx.*)
 .ARM.exidx     0x0000000000032378        0x8 /usr/bin/../lib/gcc/arm-none-eabi/7.3.1/../../../../arm-none-eabi/lib/thumb/v7e-m/fpv4-sp/hard/crt0.o
 .ARM.exidx     0x0000000000032380        0x0 /usr/bin/../lib/gcc/arm-none-eabi/7.3.1/thumb/v7e-m/fpv4-sp/hard/libgcc.a(_udivmoddi4.o)
                                          0x8 (size before relaxing)
                0x0000000000032380                __exidx_end = .
                0x0000000000032380                __etext = .

.rel.dyn        0x0000000000032380        0x0
 .rel.iplt      0x0000000000032380        0x0 /usr/bin/../lib/gcc/arm-none-eabi/7.3.1/thumb/v7e-m/fpv4-sp/hard/crtbegin.o

.data           0x00000000200098a8      0x9f0 load address 0x0000000000032380
                0x00000000200098a8                __data_start__ = .
 *(vtable)
 *(.data*)
 .data.adv_payload.14603
                0x00000000200098a8        0xc _build/main.o
 .data.ble_config
                0x00000000200098b4       0x10 _build/main.o
 .data.rtt_log_backend
                0x00000000200098c4        0xc _build/nrf_log_default_backends.o
 .data.m_scan_buffer
                0x00000000200098d0        0x8 _build/simple_ble.o
 .data.SystemCoreClock
                0x00000000200098d8        0x4 _build/system_nrf52.o
                0x00000000200098d8                SystemCoreClock
 .data._impure_ptr
                0x00000000200098dc        0x4 /usr/bin/../lib/gcc/arm-none-eabi/7.3.1/../../../../arm-none-eabi/lib/thumb/v7e-m/fpv4-sp/hard/libc.a(lib_a-impure.o)
                0x00000000200098dc                _impure_ptr
 .data.impure_data
                0x00000000200098e0      0x428 /usr/bin/../lib/gcc/arm-none-eabi/7.3.1/../../../../arm-none-eabi/lib/thumb/v7e-m/fpv4-sp/hard/libc.a(lib_a-impure.o)
 .data.__global_locale
                0x0000000020009d08      0x16c /usr/bin/../lib/gcc/arm-none-eabi/7.3.1/../../../../arm-none-eabi/lib/thumb/v7e-m/fpv4-sp/hard/libc.a(lib_a-locale.o)
                0x0000000020009d08                __global_locale
 .data.__atexit_recursive_mutex
                0x0000000020009e74        0x4 /usr/bin/../lib/gcc/arm-none-eabi/7.3.1/../../../../arm-none-eabi/lib/thumb/v7e-m/fpv4-sp/hard/libc.a(lib_a-__call_atexit.o)
                0x0000000020009e74                __atexit_recursive_mutex
 .data.__malloc_av_
                0x0000000020009e78      0x408 /usr/bin/../lib/gcc/arm-none-eabi/7.3.1/../../../../arm-none-eabi/lib/thumb/v7e-m/fpv4-sp/hard/libc.a(lib_a-mallocr.o)
                0x0000000020009e78                __malloc_av_
 .data.__malloc_sbrk_base
                0x000000002000a280        0x4 /usr/bin/../lib/gcc/arm-none-eabi/7.3.1/../../../../arm-none-eabi/lib/thumb/v7e-m/fpv4-sp/hard/libc.a(lib_a-mallocr.o)
                0x000000002000a280                __malloc_sbrk_base
 .data.__malloc_trim_threshold
                0x000000002000a284        0x4 /usr/bin/../lib/gcc/arm-none-eabi/7.3.1/../../../../arm-none-eabi/lib/thumb/v7e-m/fpv4-sp/hard/libc.a(lib_a-mallocr.o)
                0x000000002000a284                __malloc_trim_threshold
                0x000000002000a288                . = ALIGN (0x4)
                0x000000002000a288                PROVIDE (__preinit_array_start = .)
 *(.preinit_array)
                0x000000002000a288                PROVIDE (__preinit_array_end = .)
                0x000000002000a288                . = ALIGN (0x4)
                0x000000002000a288                PROVIDE (__init_array_start = .)
 *(SORT_BY_NAME(.init_array.*))
 .init_array.00000
                0x000000002000a288        0x4 /usr/bin/../lib/gcc/arm-none-eabi/7.3.1/../../../../arm-none-eabi/lib/thumb/v7e-m/fpv4-sp/hard/libc.a(lib_a-__call_atexit.o)
 *(.init_array)
 .init_array    0x000000002000a28c        0x4 /usr/bin/../lib/gcc/arm-none-eabi/7.3.1/thumb/v7e-m/fpv4-sp/hard/crtbegin.o
 .init_array    0x000000002000a290        0x4 _build/before_startup.o
                0x000000002000a294                PROVIDE (__init_array_end = .)
                0x000000002000a294                . = ALIGN (0x4)
                0x000000002000a294                PROVIDE (__fini_array_start = .)
 *(SORT_BY_NAME(.fini_array.*))
 *(.fini_array)
 .fini_array    0x000000002000a294        0x4 /usr/bin/../lib/gcc/arm-none-eabi/7.3.1/thumb/v7e-m/fpv4-sp/hard/crtbegin.o
                0x000000002000a298                PROVIDE (__fini_array_end = .)
 *(.jcr*)
                0x000000002000a298                . = ALIGN (0x4)
                0x000000002000a298                __data_end__ = .
LOAD /usr/bin/../lib/gcc/arm-none-eabi/7.3.1/thumb/v7e-m/fpv4-sp/hard/crti.o
LOAD /usr/bin/../lib/gcc/arm-none-eabi/7.3.1/thumb/v7e-m/fpv4-sp/hard/crtbegin.o
LOAD /usr/bin/../lib/gcc/arm-none-eabi/7.3.1/../../../../arm-none-eabi/lib/thumb/v7e-m/fpv4-sp/hard/crt0.o
START GROUP
LOAD _build/gpio.o
LOAD _build/main.o
LOAD _build/display.o
LOAD _build/mpu9250.o
LOAD _build/kobukiUART.o
LOAD _build/kobukiSensor.o
LOAD _build/kobukiUtilities.o
LOAD _build/kobukiSensorPoll.o
LOAD _build/kobukiActuator.o
LOAD _build/better_error_handling.o
LOAD _build/max44009.o
LOAD _build/SEGGER_RTT.o
LOAD _build/SEGGER_RTT_Syscalls_GCC.o
LOAD _build/SEGGER_RTT_printf.o
LOAD _build/app_error.o
LOAD _build/app_error_handler_gcc.o
LOAD _build/app_pwm.o
LOAD _build/app_scheduler.o
LOAD _build/app_timer.o
LOAD _build/app_uart.o
LOAD _build/app_util_platform.o
LOAD _build/before_startup.o
LOAD _build/ff.o
LOAD _build/hardfault_handler_gcc.o
LOAD _build/hardfault_implementation.o
LOAD _build/mmc_nrf.o
LOAD _build/nrf_assert.o
LOAD _build/nrf_atomic.o
LOAD _build/nrf_balloc.o
LOAD _build/nrf_drv_clock.o
LOAD _build/nrf_drv_ppi.o
LOAD _build/nrf_drv_spi.o
LOAD _build/nrf_drv_twi.o
LOAD _build/nrf_drv_uart.o
LOAD _build/nrf_fprintf.o
LOAD _build/nrf_fprintf_format.o
LOAD _build/nrf_fstorage.o
LOAD _build/nrf_log_backend_rtt.o
LOAD _build/nrf_log_backend_serial.o
LOAD _build/nrf_log_backend_uart.o
LOAD _build/nrf_log_default_backends.o
LOAD _build/nrf_log_frontend.o
LOAD _build/nrf_log_str_formatter.o
LOAD _build/nrf_memobj.o
LOAD _build/nrf_pwr_mgmt.o
LOAD _build/nrf_queue.o
LOAD _build/nrf_section_iter.o
LOAD _build/nrf_serial.o
LOAD _build/nrf_strerror.o
LOAD _build/nrf_twi_mngr.o
LOAD _build/nrfx_clock.o
LOAD _build/nrfx_gpiote.o
LOAD _build/nrfx_ppi.o
LOAD _build/nrfx_prs.o
LOAD _build/nrfx_pwm.o
LOAD _build/nrfx_saadc.o
LOAD _build/nrfx_spi.o
LOAD _build/nrfx_spim.o
LOAD _build/nrfx_timer.o
LOAD _build/nrfx_twi.o
LOAD _build/nrfx_twim.o
LOAD _build/nrfx_uart.o
LOAD _build/nrfx_uarte.o
LOAD _build/simple_logger.o
LOAD _build/ble_advdata.o
LOAD _build/ble_advertising.o
LOAD _build/ble_conn_params.o
LOAD _build/ble_srv_common.o
LOAD _build/nrf_ble_gatt.o
LOAD _build/nrf_sdh.o
LOAD _build/nrf_sdh_ble.o
LOAD _build/simple_ble.o
LOAD _build/system_nrf52.o
LOAD _build/app_error_weak.o
LOAD _build/gcc_startup_nrf52.os
LOAD /usr/bin/../lib/gcc/arm-none-eabi/7.3.1/../../../../arm-none-eabi/lib/thumb/v7e-m/fpv4-sp/hard/libc.a
LOAD /usr/bin/../lib/gcc/arm-none-eabi/7.3.1/../../../../arm-none-eabi/lib/thumb/v7e-m/fpv4-sp/hard/libnosys.a
LOAD /usr/bin/../lib/gcc/arm-none-eabi/7.3.1/../../../../arm-none-eabi/lib/thumb/v7e-m/fpv4-sp/hard/libm.a
LOAD /usr/bin/../lib/gcc/arm-none-eabi/7.3.1/../../../../arm-none-eabi/lib/thumb/v7e-m/fpv4-sp/hard/libstdc++.a
END GROUP
START GROUP
LOAD /usr/bin/../lib/gcc/arm-none-eabi/7.3.1/thumb/v7e-m/fpv4-sp/hard/libgcc.a
LOAD /usr/bin/../lib/gcc/arm-none-eabi/7.3.1/../../../../arm-none-eabi/lib/thumb/v7e-m/fpv4-sp/hard/libc.a
END GROUP
LOAD /usr/bin/../lib/gcc/arm-none-eabi/7.3.1/thumb/v7e-m/fpv4-sp/hard/crtend.o
LOAD /usr/bin/../lib/gcc/arm-none-eabi/7.3.1/thumb/v7e-m/fpv4-sp/hard/crtn.o
START GROUP
LOAD /usr/bin/../lib/gcc/arm-none-eabi/7.3.1/thumb/v7e-m/fpv4-sp/hard/libgcc.a
LOAD /usr/bin/../lib/gcc/arm-none-eabi/7.3.1/../../../../arm-none-eabi/lib/thumb/v7e-m/fpv4-sp/hard/libc.a
LOAD /usr/bin/../lib/gcc/arm-none-eabi/7.3.1/../../../../arm-none-eabi/lib/thumb/v7e-m/fpv4-sp/hard/libnosys.a
END GROUP

.igot.plt       0x000000002000a298        0x0 load address 0x0000000000032d70
 .igot.plt      0x000000002000a298        0x0 /usr/bin/../lib/gcc/arm-none-eabi/7.3.1/thumb/v7e-m/fpv4-sp/hard/crtbegin.o

.bootloader_settings_page
                0x000000000007f000        0x0
                [!provide]                        PROVIDE (__start_bootloader_settings_page = .)
 *(SORT_BY_NAME(.bootloader_settings_page*))
                [!provide]                        PROVIDE (__stop_bootloader_settings_page = .)

.uicr_bootloader_start_address
                0x0000000010001014        0x0
                [!provide]                        PROVIDE (__start_uicr_bootloader_start_address = .)
 *(SORT_BY_NAME(.uicr_bootloader_start_address*))
                [!provide]                        PROVIDE (__stop_uicr_bootloader_start_address = .)
                0x0000000010001014                . = ALIGN (0x4)

.mem_section_dummy_ram

.log_dynamic_data
                0x000000002000a298       0x4c load address 0x0000000000032d70
                0x000000002000a298                PROVIDE (__start_log_dynamic_data = .)
 *(SORT_BY_NAME(.log_dynamic_data*))
 .log_dynamic_data_CLOCK
                0x000000002000a298        0x4 _build/nrfx_clock.o
                0x000000002000a298                m_nrf_log_CLOCK_logs_data_dynamic
 .log_dynamic_data_GPIOTE
                0x000000002000a29c        0x4 _build/nrfx_gpiote.o
                0x000000002000a29c                m_nrf_log_GPIOTE_logs_data_dynamic
 .log_dynamic_data_PRS
                0x000000002000a2a0        0x4 _build/nrfx_prs.o
                0x000000002000a2a0                m_nrf_log_PRS_logs_data_dynamic
 .log_dynamic_data_PWM
                0x000000002000a2a4        0x4 _build/nrfx_pwm.o
                0x000000002000a2a4                m_nrf_log_PWM_logs_data_dynamic
 .log_dynamic_data_SAADC
                0x000000002000a2a8        0x4 _build/nrfx_saadc.o
                0x000000002000a2a8                m_nrf_log_SAADC_logs_data_dynamic
 .log_dynamic_data_SPIM
                0x000000002000a2ac        0x4 _build/nrfx_spim.o
                0x000000002000a2ac                m_nrf_log_SPIM_logs_data_dynamic
 .log_dynamic_data_TIMER
                0x000000002000a2b0        0x4 _build/nrfx_timer.o
                0x000000002000a2b0                m_nrf_log_TIMER_logs_data_dynamic
 .log_dynamic_data_TWIM
                0x000000002000a2b4        0x4 _build/nrfx_twim.o
                0x000000002000a2b4                m_nrf_log_TWIM_logs_data_dynamic
 .log_dynamic_data_UART
                0x000000002000a2b8        0x4 _build/nrfx_uart.o
                0x000000002000a2b8                m_nrf_log_UART_logs_data_dynamic
 .log_dynamic_data_UARTE
                0x000000002000a2bc        0x4 _build/nrfx_uarte.o
                0x000000002000a2bc                m_nrf_log_UARTE_logs_data_dynamic
 .log_dynamic_data_app
                0x000000002000a2c0        0x4 _build/nrf_log_frontend.o
                0x000000002000a2c0                m_nrf_log_app_logs_data_dynamic
 .log_dynamic_data_balloc_log_mempool
                0x000000002000a2c4        0x4 _build/nrf_log_frontend.o
                0x000000002000a2c4                m_nrf_log_balloc_log_mempool_logs_data_dynamic
 .log_dynamic_data_clock
                0x000000002000a2c8        0x4 _build/nrf_drv_clock.o
                0x000000002000a2c8                m_nrf_log_clock_logs_data_dynamic
 .log_dynamic_data_hardfault
                0x000000002000a2cc        0x4 _build/hardfault_implementation.o
                0x000000002000a2cc                m_nrf_log_hardfault_logs_data_dynamic
 .log_dynamic_data_nrf_ble_gatt
                0x000000002000a2d0        0x4 _build/nrf_ble_gatt.o
                0x000000002000a2d0                m_nrf_log_nrf_ble_gatt_logs_data_dynamic
 .log_dynamic_data_nrf_fstorage
                0x000000002000a2d4        0x4 _build/nrf_fstorage.o
                0x000000002000a2d4                m_nrf_log_nrf_fstorage_logs_data_dynamic
 .log_dynamic_data_nrf_sdh
                0x000000002000a2d8        0x4 _build/nrf_sdh.o
                0x000000002000a2d8                m_nrf_log_nrf_sdh_logs_data_dynamic
 .log_dynamic_data_nrf_sdh_ble
                0x000000002000a2dc        0x4 _build/nrf_sdh_ble.o
                0x000000002000a2dc                m_nrf_log_nrf_sdh_ble_logs_data_dynamic
 .log_dynamic_data_pwr_mgmt
                0x000000002000a2e0        0x4 _build/nrf_pwr_mgmt.o
                0x000000002000a2e0                m_nrf_log_pwr_mgmt_logs_data_dynamic
                [!provide]                        PROVIDE (__stop_log_dynamic_data = .)

.cli_sorted_cmd_ptrs
                0x000000002000a2e4        0x0
                [!provide]                        PROVIDE (__start_cli_sorted_cmd_ptrs = .)
 *(.cli_sorted_cmd_ptrs)
                [!provide]                        PROVIDE (__stop_cli_sorted_cmd_ptrs = .)

.fs_data        0x000000002000a2e4        0x0
                0x000000002000a2e4                PROVIDE (__start_fs_data = .)
 *(.fs_data)
                0x000000002000a2e4                PROVIDE (__stop_fs_data = .)

.bss            0x000000002000a2e4      0xc3c load address 0x0000000000032dbc
                0x000000002000a2e4                . = ALIGN (0x4)
                0x000000002000a2e4                __bss_start__ = .
 *(.bss*)
 .bss           0x000000002000a2e4       0x1c /usr/bin/../lib/gcc/arm-none-eabi/7.3.1/thumb/v7e-m/fpv4-sp/hard/crtbegin.o
 .bss.adv_buffer.14602
                0x000000002000a300       0x18 _build/main.o
 .bss.adv_timer_data
                0x000000002000a318       0x20 _build/main.o
 .bss.increment.14608
                0x000000002000a338        0x1 _build/main.o
 .bss._acDownBuffer
                0x000000002000a339       0x10 _build/SEGGER_RTT.o
 .bss._acUpBuffer
                0x000000002000a349      0x200 _build/SEGGER_RTT.o
 *fill*         0x000000002000a549        0x3 
 .bss.m_op_queue
                0x000000002000a54c      0x10c _build/app_timer.o
 .bss.m_rtc1_reset
                0x000000002000a658        0x1 _build/app_timer.o
 .bss.m_rtc1_running
                0x000000002000a659        0x1 _build/app_timer.o
 *fill*         0x000000002000a65a        0x2 
 .bss.m_ticks_elapsed
                0x000000002000a65c        0x8 _build/app_timer.o
 .bss.m_ticks_elapsed_q_read_ind
                0x000000002000a664        0x1 _build/app_timer.o
 .bss.m_ticks_elapsed_q_write_ind
                0x000000002000a665        0x1 _build/app_timer.o
 *fill*         0x000000002000a666        0x2 
 .bss.m_ticks_latest
                0x000000002000a668        0x4 _build/app_timer.o
 .bss.mp_timer_id_head
                0x000000002000a66c        0x4 _build/app_timer.o
 .bss.m_clock_cb
                0x000000002000a670       0x14 _build/nrf_drv_clock.o
 .bss.m_host_present
                0x000000002000a684        0x1 _build/nrf_log_backend_rtt.o
 .bss.m_string_buff
                0x000000002000a685       0x40 _build/nrf_log_backend_rtt.o
 *fill*         0x000000002000a6c5        0x3 
 .bss.log_mempool_nrf_balloc_cb
                0x000000002000a6c8        0x8 _build/nrf_log_frontend.o
 .bss.log_mempool_nrf_balloc_pool_mem
                0x000000002000a6d0       0xc0 _build/nrf_log_frontend.o
 .bss.log_mempool_nrf_balloc_pool_stack
                0x000000002000a790        0x8 _build/nrf_log_frontend.o
 .bss.m_log_data
                0x000000002000a798      0x424 _build/nrf_log_frontend.o
 .bss.m_clock_cb
                0x000000002000abbc        0x8 _build/nrfx_clock.o
 .bss.m_cb      0x000000002000abc4       0x5c _build/nrfx_gpiote.o
 .bss.m_prs_box_4
                0x000000002000ac20        0x8 _build/nrfx_prs.o
 .bss.m_cb      0x000000002000ac28       0x18 _build/nrfx_pwm.o
 .bss.m_cb      0x000000002000ac40       0x30 _build/nrfx_saadc.o
 .bss.m_cb      0x000000002000ac70       0x24 _build/nrfx_spim.o
 .bss.m_cb      0x000000002000ac94       0x18 _build/nrfx_timer.o
 .bss.m_cb      0x000000002000acac       0x34 _build/nrfx_twim.o
 .bss.m_conn_params_config
                0x000000002000ace0       0x1c _build/ble_conn_params.o
 .bss.m_conn_params_instances
                0x000000002000acfc       0x14 _build/ble_conn_params.o
 .bss.m_preferred_conn_params
                0x000000002000ad10        0x8 _build/ble_conn_params.o
 .bss.m_timer_data
                0x000000002000ad18       0x20 _build/ble_conn_params.o
 .bss.m_nrf_sdh_continue
                0x000000002000ad38        0x1 _build/nrf_sdh.o
 .bss.m_nrf_sdh_enabled
                0x000000002000ad39        0x1 _build/nrf_sdh.o
 .bss.m_nrf_sdh_suspended
                0x000000002000ad3a        0x1 _build/nrf_sdh.o
 .bss.m_stack_is_enabled
                0x000000002000ad3b        0x1 _build/nrf_sdh_ble.o
 .bss.ble_config
                0x000000002000ad3c        0x4 _build/simple_ble.o
 .bss.m_advertising
                0x000000002000ad40       0xb8 _build/simple_ble.o
 .bss.m_gatt    0x000000002000adf8       0x14 _build/simple_ble.o
 .bss.scan_buffer
                0x000000002000ae0c       0x1f _build/simple_ble.o